06-16 16:08:59.044  2028  3037 W MultiApp-CMAService: Encountered calling -> target with no cached rules: 10486 -> 99910452
06-16 16:08:59.044  2028  3037 W MultiApp-CMAService: Encountered calling -> target with no cached rules: 10486 -> 99910167
06-16 16:08:59.044  2028  3037 W MultiApp-CMAService: Encountered calling -> target with no cached rules: 10486 -> 99910186
06-16 16:08:59.044  2028  3037 W MultiApp-CMAService: Encountered calling -> target with no cached rules: 10486 -> 99910563
06-16 16:08:59.044  2028  3037 W MultiApp-CMAService: Encountered calling -> target with no cached rules: 10486 -> 99910471
06-16 16:08:59.044  2028  3037 W MultiApp-CMAService: Encountered calling -> target with no cached rules: 10486 -> 99910505
06-16 16:08:59.044  2028  3037 W MultiApp-CMAService: Encountered calling -> target with no cached rules: 10486 -> 99910239
06-16 16:08:59.044  2028  3037 W MultiApp-CMAService: Encountered calling -> target with no cached rules: 10486 -> 99910325
06-16 16:08:59.044  2028  3037 W MultiApp-CMAService: Encountered calling -> target with no cached rules: 10486 -> 99910520
06-16 16:08:59.044  2028  3037 W MultiApp-CMAService: Encountered calling -> target with no cached rules: 10486 -> 99910281
06-16 16:08:59.044  2028  3037 W MultiApp-CMAService: Encountered calling -> target with no cached rules: 10486 -> 99910412
06-16 16:08:59.044  2028  3037 W MultiApp-CMAService: Encountered calling -> target with no cached rules: 10486 -> 99910430
06-16 16:08:59.044  2028  3037 W MultiApp-CMAService: Encountered calling -> target with no cached rules: 10486 -> 99910478
06-16 16:08:59.044  2028  3037 W MultiApp-CMAService: Encountered calling -> target with no cached rules: 10486 -> 99910373
06-16 16:08:59.044  2028  3037 W MultiApp-CMAService: Encountered calling -> target with no cached rules: 10486 -> 99910522
06-16 16:08:59.044  2028  3037 W MultiApp-CMAService: Encountered calling -> target with no cached rules: 10486 -> 99910104
06-16 16:08:59.044  2028  3037 W MultiApp-CMAService: Encountered calling -> target with no cached rules: 10486 -> 99910386
06-16 16:08:59.044  2028  3037 W MultiApp-CMAService: Encountered calling -> target with no cached rules: 10486 -> 99910494
06-16 16:08:59.044  2028  3037 W MultiApp-CMAService: Encountered calling -> target with no cached rules: 10486 -> 99910345
06-16 16:08:59.044  2028  3037 W MultiApp-CMAService: Encountered calling -> target with no cached rules: 10486 -> 99910502
06-16 16:08:59.044  2028  3037 W MultiApp-CMAService: Encountered calling -> target with no cached rules: 10486 -> 99910074
06-16 16:08:59.044  2028  3037 W MultiApp-CMAService: Encountered calling -> target with no cached rules: 10486 -> 99910535
06-16 16:08:59.044  2028  3037 W MultiApp-CMAService: Encountered calling -> target with no cached rules: 10486 -> 99910302
06-16 16:08:59.044  2028  3037 W MultiApp-CMAService: Encountered calling -> target with no cached rules: 10486 -> 99910260
06-16 16:08:59.044  2028  3037 W MultiApp-CMAService: Encountered calling -> target with no cached rules: 10486 -> 99910012
06-16 16:08:59.044  2028  3037 W MultiApp-CMAService: Encountered calling -> target with no cached rules: 10486 -> 99910493
06-16 16:08:59.044  2028  3037 W MultiApp-CMAService: Encountered calling -> target with no cached rules: 10486 -> 99910513
06-16 16:08:59.044  2028  3037 W MultiApp-CMAService: Encountered calling -> target with no cached rules: 10486 -> 99910315
06-16 16:08:59.044  2028  3037 W MultiApp-CMAService: Encountered calling -> target with no cached rules: 10486 -> 99910095
06-16 16:08:59.044  2028  3037 W MultiApp-CMAService: Encountered calling -> target with no cached rules: 10486 -> 99910225
06-16 16:08:59.044  2028  3037 W MultiApp-CMAService: Encountered calling -> target with no cached rules: 10486 -> 99910393
06-16 16:08:59.044  2028  3037 W MultiApp-CMAService: Encountered calling -> target with no cached rules: 10486 -> 99910417
06-16 16:08:59.044  2028  3037 W MultiApp-CMAService: Encountered calling -> target with no cached rules: 10486 -> 99910531
06-16 16:08:59.134  2028  2510 D CompatChangeReporter: Compat change id reported: 297989574; UID 10486; state: ENABLED
06-16 16:08:59.143  2028  2510 D CompatChangeReporter: Compat change id reported: 319212206; UID 10486; state: ENABLED
06-16 16:08:59.178  2028  3160 I ActivityManager: Flag disabled. Ignoring finishAttachApplication from uid: 10486. pid: 32472
06-16 16:08:59.186  2028  3160 D VRR [OPlusExternalRefreshRateManager]: isPkgTfcEnable: pkgName = com.tul.tatacliq, enable = false
06-16 16:08:59.186  2028  3160 D VRR [OPlusExternalRefreshRateManager]: getTfcMinFramerate: pkgName = com.tul.tatacliq, min framerate = 0
06-16 16:08:59.257  2028  2510 D CompatChangeReporter: Compat change id reported: 311402873; UID 10486; state: ENABLED
06-16 16:08:59.257  2028  2510 D CompatChangeReporter: Compat change id reported: 323349338; UID 10486; state: ENABLED
06-16 16:08:59.262  2028  2510 D CompatChangeReporter: Compat change id reported: 311208629; UID 10486; state: ENABLED
06-16 16:08:59.263  2028  2510 W JobScheduler: Job didn't exist in JobStore: #com.tul.tatacliq/4125
06-16 16:09:00.000  2028  2290 V AlarmManager: sending alarm Alarm{e616616 type 3 origWhen 23433412 whenElapsed 23433412 android} uid 1000 whenElapsed 23433412 windowLength 0 maxWhenElapsed 23433412 repeatInterval 0 action null component null tag TIME_TICK flags 0x9 procName system_server
06-16 16:09:00.006  2028  2122 D OplusDisplayBrightnessBroadcastReceiver: onReceive action = android.intent.action.TIME_TICK , listeners = [com.android.server.display.ambience.events.event.TimeEvent$TimeChangeReceiver@fe834de, com.android.server.display.marvels.module.ORBrightnessMarvelsDataCollector$ScreenStateReceiver@e68d360, com.android.server.display.oplus.eyeprotect.manager.AiCurveManager$RhythmBroadcastReceiverWithUpgradeUI@7ae56bf]
06-16 16:09:00.412  2028  2107 D OplusThermalStats: REPORT_UPDATE_CPU  ->  phoneTemp:340  preHeatThreshold:400
06-16 16:09:00.455   693 32293 I keystore2: system/security/keystore2/watchdog/src/lib.rs:319 - Watchdog thread idle -> terminating. Have a great day.
06-16 16:09:00.465  2028  2105 D ProcessCpuTrackerExtImpl: mContext is already set, return now! 
06-16 16:09:00.871  2028  2080 V WindowOrientationListener: onSensorChanged mDesiredRotation = 4
06-16 16:09:01.231  2028  2122 D OplusFeatureHDREnhanceBrightness: checkIsPlayingHDR isPlayingHDR=0 rotation=0 whiteApp=false battery=57
06-16 16:09:05.559  2028  2122 D OplusDisplayBrightnessBroadcastReceiver: onReceive action = android.intent.action.BATTERY_CHANGED , listeners = [com.android.server.display.OplusFeatureHDREnhanceBrightness$PhoneInfoReceiver@8b35f4b, com.android.server.display.OplusFeatureEdrEnhanceBrightness$PhoneInfoReceiver@a6a9d28]
06-16 16:09:08.009 32417 32433 I Quality : stackInfo :----- pid 32417 at 2025-06-16 16:09:08.000 -----;Cmd line: com.example.inventoryapp;"main" prio=5 tid=2 RUNNABLE sysTid=32417;  at android.os.BinderProxy.transactNative(Native Method);  at android.os.BinderProxy.transact(BinderProxy.java:679);  at android.app.IActivityManager$Stub$Proxy.handleApplicationCrash(IActivityManager.java:5952);  at com.android.internal.os.RuntimeInit$KillApplicationHandler.uncaughtException(RuntimeInit.java:185);  at java.lang.ThreadGroup.uncaughtException(ThreadGroup.java:1071);  at java.lang.ThreadGroup.uncaughtException(ThreadGroup.java:1066);  at com.android.internal.os.RuntimeInitExtImpl.uncaughtExceptionExt(RuntimeInitExtImpl.java:68);  at com.android.internal.os.RuntimeInit$LoggingHandler.uncaughtException(RuntimeInit.java:138);  at java.lang.Thread.dispatchUncaughtException(Thread.java:2300);
06-16 16:09:08.740  2028  2082 W ActivityTaskManager: Activity destroy timeout for ActivityRecord{9b090d7 u0 com.example.inventoryapp/.MainActivity t3992 f}}
06-16 16:09:08.741  2028  2082 D SnapshotCache: removeRunningEntry id: 3992, callers=com.android.server.wm.SnapshotCache.onAppRemoved:80 com.android.server.wm.AbsAppSnapshotController.onAppRemoved:677 com.android.server.wm.SnapshotController.onAppRemoved:69 
06-16 16:09:08.741  2028  2082 D ActivityTaskManager: removeAppToken: ActivityRecord{9b090d7 u0 com.example.inventoryapp/.MainActivity t3992 f}} delayed=false parent=Task{a76d4ad #3992 type=standard A=10596:com.example.inventoryapp} animating=false Callers=com.android.server.wm.DisplayContent.removeAppToken:1735 com.android.server.wm.ActivityRecord.removeFromHistory:5058 com.android.server.wm.ActivityRecord.destroyed:5144 com.android.server.wm.ActivityRecord$3.run:1148 
06-16 16:09:08.742  2028  2082 D ActivityTaskManager: removeStartingWindowAnimation starting ActivityRecord{9b090d7 u0 com.example.inventoryapp/.MainActivity t3992 f}} startingWindow=null ,startingView=com.android.server.wm.StartingSurfaceController$StartingSurface@6b8186f,Callers=com.android.server.wm.ActivityRecord.removeStartingWindow:3550 com.android.server.wm.ActivityRecord.onRemovedFromDisplay:5531 com.android.server.wm.DisplayContent.removeAppToken:1735 com.android.server.wm.ActivityRecord.removeFromHistory:5058 com.android.server.wm.ActivityRecord.destroyed:5144 
06-16 16:09:08.742  2028  2082 D OplusStartingWindowManager: interceptRemoveStartingWindow: packageName=com.example.inventoryapp,  componentName=com.example.inventoryapp/.MainActivity, isSnapshot=false, startingSurfaceRunnable=null, isDrawCompleted=false, hasSurfaceView=false, inTransition=false
06-16 16:09:08.742  2028  2082 D OplusSplitScreenManagerService: notifyRemoveStartingWindow mOplusSpiltScreenDnDUI is null, just return!
06-16 16:09:08.742  2028  2082 D OplusStartingWindowManager: interceptRemoveStartingWindow: hasSplashWindowFlag() return false for activity=ActivityRecord{9b090d7 u0 com.example.inventoryapp/.MainActivity t3992 f}}
06-16 16:09:08.744  2028  2082 I WindowManager: Window{3e5c8ea u0 Splash Screen com.example.inventoryapp} state from HAS_DRAWN to NO_SURFACE; reason: destroySurface
06-16 16:09:08.748  2028  2082 D WindowManager: NFW_findFocusedWindowIfNeeded:Window{d22ef36 u0 Application Error: com.example.inventoryapp} mCurrentFocus:Window{d22ef36 u0 Application Error: com.example.inventoryapp}
06-16 16:09:08.752  2028  2082 D WindowManager: NFW_findFocusedWindowIfNeeded:Window{d22ef36 u0 Application Error: com.example.inventoryapp} mCurrentFocus:Window{d22ef36 u0 Application Error: com.example.inventoryapp}
06-16 16:09:08.756  2028  2082 D OplusMirageWindowManagerService: onTaskRemoved displayid:0 taskId:3992 callers:com.android.server.wm.MirageWindowManagerExtImpl.onTaskRemoved:47 com.android.server.wm.TaskDisplayArea.removeChildTask:394 com.android.server.wm.TaskDisplayArea.removeChild:383 com.android.server.wm.WindowContainer.removeImmediately:1009 com.android.server.wm.TaskFragment.removeImmediately:3670 
06-16 16:09:08.756  2028  2082 I OplusScreenSecurityMask: onStackRemoved task = Task{a76d4ad #3992 type=standard A=10596:com.example.inventoryapp} record = null displayId = 0
06-16 16:09:08.763  2028  2083 D OplusFlexibleWindowMinimizedManagerHelper: onTaskVanished taskInfo:3992 task:Task{a76d4ad #3992 type=standard A=10596:com.example.inventoryapp}
06-16 16:09:08.763  2028  2083 D OplusFlexibleDragToSplitAnimController: visibleFlexibleTaskInfos delete:3992
06-16 16:09:08.763  2028  2083 D FlexibleTaskController: no need releaseFlexibleCaptionView or destroyFlexibleDragLeash when non-caption-view-task vanished, task=Task{a76d4ad #3992 type=standard A=10596:com.example.inventoryapp}
06-16 16:09:08.763  2028  2083 D FlexibleWindowManagerService: notifyFlexibleTaskVanish taskId : 3992 is not taskEmbedded
06-16 16:09:08.763  2028  2083 D FlexibleWindowManagerService: onFlexibleWindowTaskVanished: task = 3992,size:0
06-16 16:09:08.763  2028  2083 D OplusFlexibleWindowMinimizedManagerHelper: onTaskVanished taskInfo:3992 task:Task{a76d4ad #3992 type=standard A=10596:com.example.inventoryapp}
06-16 16:09:08.764  2028  2083 D OplusFlexibleDragToSplitAnimController: visibleFlexibleTaskInfos delete:3992
06-16 16:09:08.764  2028  2083 D FlexibleTaskController: no need releaseFlexibleCaptionView or destroyFlexibleDragLeash when non-caption-view-task vanished, task=Task{a76d4ad #3992 type=standard A=10596:com.example.inventoryapp}
06-16 16:09:08.764  2028  2083 D FlexibleWindowManagerService: notifyFlexibleTaskVanish taskId : 3992 is not taskEmbedded
06-16 16:09:08.764  2028  2083 D FlexibleWindowManagerService: onFlexibleWindowTaskVanished: task = 3992,size:0
06-16 16:09:08.775  2028  2055 D ActivityTaskManager: Skipping, invisible task: Task{1f0781d #5 type=home I=com.android.launcher/.Launcher}
06-16 16:09:08.775  2028  2055 D OplusSplitScreenManagerService: com.android.settings unSupportsSplitScreen by blockList or ForbidActivityList
06-16 16:09:08.775  2028  2055 D OplusSplitScreenManagerService: com.android.settings unSupportsSplitScreen by blockList or ForbidActivityList
06-16 16:09:08.776  2028  2055 D OplusSplitScreenManagerService: com.android.settings unSupportsSplitScreen by blockList or ForbidActivityList
06-16 16:09:08.777  2028  2055 D OplusSplitScreenManagerService: com.instagram.android unSupportsSplitScreen by blockList or ForbidActivityList
06-16 16:09:08.778  2028  2055 D OplusSplitScreenManagerService: com.truecaller unSupportsSplitScreen by blockList or ForbidActivityList
06-16 16:09:08.778  2028  2055 D OplusSplitScreenManagerService: net.one97.paytm unSupportsSplitScreen by blockList or ForbidActivityList
06-16 16:09:08.779  2028  2055 D ActivityTaskManager: pre-Filtered:com.example.inventoryapp # com.android.settings # com.oplus.ota # com.whatsapp.w4b # com.android.settings # com.rsa.securidapp # in.cashify.supersales # com.android.chrome # com.google.android.gm # com.android.vending # com.instagram.android # com.adobe.reader # com.adobe.reader # com.adobe.reader # com.coloros.calculator # com.whatsapp # com.truecaller # net.one97.paytm # com.divum.MoneyControl # com.google.android.apps.nbu.paisa.user # com.phonepe.app # com.adobe.reader # com.oplus.camera # com.microsoft.copilot # com.coloros.gallery3d # com.instagram.barcelona # com.pinelabs.emicatalogue.pinelabs # com.facebook.katana # in.dmifinance.dealerapp # com.maxbupa.healthapp # com.adobe.reader # com.flipkart.android # 
06-16 16:09:08.779  2028  2055 D ActivityTaskManager: after skip size 32
06-16 16:09:09.119  2028  2510 W WindowManager: Failed looking up window session=Session{cf511c5 2578:u0a10207} callers=com.android.server.wm.WindowManagerService.windowForClientLocked:6805 com.android.server.wm.WindowManagerService.relayoutWindowInner:2516 com.android.server.wm.WindowManagerService.relayoutWindow:2481 
06-16 16:09:09.128  2028  2510 W WindowManager: Failed looking up window session=Session{cf511c5 2578:u0a10207} callers=com.android.server.wm.WindowManagerService.windowForClientLocked:6805 com.android.server.wm.Session.setOnBackInvokedCallbackInfo:1069 android.view.IWindowSession$Stub.onTransact:1199 
06-16 16:09:09.128  2028  2510 I WindowManager: setOnBackInvokedCallback(): No window state for package:com.android.systemui
06-16 16:09:09.128  2028  2055 W WindowManager: Failed looking up window session=Session{cf511c5 2578:u0a10207} callers=com.android.server.wm.WindowManagerService.removeClientToken:2213 com.android.server.wm.Session.remove:297 android.view.IWindowSession$Stub.onTransact:685 
06-16 16:09:09.215  2028  2497 D OAppNetControlService: Hans update:[10596=true][0|0] blackList:[10588, 10339, 10337, 10373, 10298, 10509, 10514, 10396, 10376, 10397, 10354, 10382, 10391, 10484, 10357, 10596]
06-16 16:09:09.711  2028  2269 E JobScheduler.Background: Couldn't determine stopped state for unknown package: com.oplus.onet
06-16 16:09:09.804  2028  2497 D OAppNetControlService: Hans update:[10486=true][0|0] blackList:[10588, 10339, 10337, 10373, 10298, 10509, 10514, 10396, 10376, 10397, 10354, 10382, 10391, 10484, 10357, 10596, 10486]
06-16 16:09:09.813  2028  2055 I ActivityManager: Death received, pid = 27146, processName = com.oplus.lfeh for thread android.os.BinderProxy@597950e
06-16 16:09:09.813  2028  2028 V DebugLogService: LFEService, onServiceDisconnected
06-16 16:09:09.814  2028  2028 W ActivityManager: pid 2028 system sent binder code 13 with flags 1 to frozen apps and got error -32
06-16 16:09:09.818  2028  2028 W ActivityManager: Exception when unbinding service com.oplus.lfeh/.service.LogFileEncrypterService
06-16 16:09:09.818  2028  2028 W ActivityManager: android.os.DeadObjectException
06-16 16:09:09.818  2028  2028 W ActivityManager: 	at android.os.BinderProxy.transactNative(Native Method)
06-16 16:09:09.818  2028  2028 W ActivityManager: 	at android.os.BinderProxy.transact(BinderProxy.java:679)
06-16 16:09:09.818  2028  2028 W ActivityManager: 	at android.app.IApplicationThread$Stub$Proxy.scheduleUnbindService(IApplicationThread.java:1634)
06-16 16:09:09.818  2028  2028 W ActivityManager: 	at com.android.server.am.ActiveServices.removeConnectionLocked(ActiveServices.java:7150)
06-16 16:09:09.818  2028  2028 W ActivityManager: 	at com.android.server.am.ActiveServices.unbindServiceLocked(ActiveServices.java:4815)
06-16 16:09:09.818  2028  2028 W ActivityManager: 	at com.android.server.am.ActivityManagerService.unbindService(ActivityManagerService.java:15399)
06-16 16:09:09.818  2028  2028 W ActivityManager: 	at android.app.ContextImpl.unbindService(ContextImpl.java:2252)
06-16 16:09:09.818  2028  2028 W ActivityManager: 	at com.android.server.additional.DebugLogService$2.onServiceDisconnected(DebugLogService.java:164)
06-16 16:09:09.818  2028  2028 W ActivityManager: 	at android.app.LoadedApk$ServiceDispatcher.doDeath(LoadedApk.java:2449)
06-16 16:09:09.818  2028  2028 W ActivityManager: 	at android.app.LoadedApk$ServiceDispatcher$RunConnection.run(LoadedApk.java:2464)
06-16 16:09:09.818  2028  2028 W ActivityManager: 	at android.os.Handler.handleCallback(Handler.java:995)
06-16 16:09:09.818  2028  2028 W ActivityManager: 	at android.os.Handler.dispatchMessage(Handler.java:105)
06-16 16:09:09.818  2028  2028 W ActivityManager: 	at android.os.Looper.loopOnce(Looper.java:288)
06-16 16:09:09.818  2028  2028 W ActivityManager: 	at android.os.Looper.loop(Looper.java:393)
06-16 16:09:09.818  2028  2028 W ActivityManager: 	at com.android.server.SystemServer.run(SystemServer.java:1069)
06-16 16:09:09.818  2028  2028 W ActivityManager: 	at com.android.server.SystemServer.main(SystemServer.java:677)
06-16 16:09:09.818  2028  2028 W ActivityManager: 	at java.lang.reflect.Method.invoke(Native Method)
06-16 16:09:09.818  2028  2028 W ActivityManager: 	at com.android.internal.os.RuntimeInit$MethodAndArgsCaller.run(RuntimeInit.java:600)
06-16 16:09:09.818  2028  2028 W ActivityManager: 	at com.android.internal.os.ZygoteInit.main(ZygoteInit.java:983)
06-16 16:09:09.820  2028  2028 D CompatChangeReporter: Compat change id reported: 311208629; UID 1000; state: ENABLED
06-16 16:09:09.828  2028  2719 I ActivityManager: Process com.oplus.lfeh (pid 27146) has died: vis IMPF
06-16 16:09:12.023  2028  3037 W ContextImpl: Calling a method in the system process without a qualified user: android.app.ContextImpl.sendBroadcastMultiplePermissions:1311 android.content.Context.sendBroadcastMultiplePermissions:2522 com.android.server.TelephonyRegistry.broadcastServiceStateChanged:3773 com.android.server.TelephonyRegistry.notifyServiceStateForPhoneId:1787 com.android.internal.telephony.ITelephonyRegistry$Stub.onTransact:546 
06-16 16:09:12.025  2028  3037 W ContextImpl: Calling a method in the system process without a qualified user: android.app.ContextImpl.sendBroadcastMultiplePermissions:1344 com.android.server.TelephonyRegistry.broadcastServiceStateChanged:3777 com.android.server.TelephonyRegistry.notifyServiceStateForPhoneId:1787 com.android.internal.telephony.ITelephonyRegistry$Stub.onTransact:546 android.os.Binder.execTransactInternal:1523 
06-16 16:09:12.027  2028  3037 W ContextImpl: Calling a method in the system process without a qualified user: android.app.ContextImpl.sendBroadcastMultiplePermissions:1344 com.android.server.TelephonyRegistry.broadcastServiceStateChanged:3786 com.android.server.TelephonyRegistry.notifyServiceStateForPhoneId:1787 com.android.internal.telephony.ITelephonyRegistry$Stub.onTransact:546 android.os.Binder.execTransactInternal:1523 
06-16 16:09:12.029  2028  3037 W ContextImpl: Calling a method in the system process without a qualified user: android.app.ContextImpl.sendBroadcastMultiplePermissions:1344 com.android.server.TelephonyRegistry.broadcastServiceStateChanged:3792 com.android.server.TelephonyRegistry.notifyServiceStateForPhoneId:1787 com.android.internal.telephony.ITelephonyRegistry$Stub.onTransact:546 android.os.Binder.execTransactInternal:1523 
06-16 16:09:12.032  2028  3037 D CompatChangeReporter: Compat change id reported: 297989574; UID 1000; state: ENABLED
06-16 16:09:12.035  2028  2104 D CompatChangeReporter: Compat change id reported: 151861875; UID 10287; state: ENABLED
06-16 16:09:12.045  2868  2868 V OplusCustomizeCacheManager: queryCache name: sys.cache.common_customize_cache18016 param: null
06-16 16:09:12.045  2868  2868 V OplusCustomizeCacheManager: queryCache name: sys.cache.common_customize_cache18013 param: null
06-16 16:09:12.045  2868  2868 V OplusCustomizeCacheManager: queryCache name: sys.cache.common_customize_cache18014 param: null
06-16 16:09:12.045  2868  2868 V OplusCustomizeCacheManager: queryCache name: sys.cache.common_customize_cache18017 param: Bundle[{SETTING=BLOCK, BUSINESS=NCT-DATA}]
06-16 16:09:12.053  2028  2097 I ActivityManager: Start proc 32677:com.google.android.cellbroadcastreceiver/u0a287 for broadcast {com.google.android.cellbroadcastreceiver/com.android.cellbroadcastreceiver.CellBroadcastReceiver}
06-16 16:09:12.090  2028  2055 D ActivityTaskManagerServiceExtImpl: preBindApplication record is null
06-16 16:09:12.187  2028  2055 W ContextImpl: Calling a method in the system process without a qualified user: android.app.ContextImpl.sendBroadcastMultiplePermissions:1311 android.content.Context.sendBroadcastMultiplePermissions:2522 com.android.server.TelephonyRegistry.broadcastServiceStateChanged:3773 com.android.server.TelephonyRegistry.notifyServiceStateForPhoneId:1787 com.android.internal.telephony.ITelephonyRegistry$Stub.onTransact:546 
06-16 16:09:12.188  2028  2055 W ContextImpl: Calling a method in the system process without a qualified user: android.app.ContextImpl.sendBroadcastMultiplePermissions:1344 com.android.server.TelephonyRegistry.broadcastServiceStateChanged:3777 com.android.server.TelephonyRegistry.notifyServiceStateForPhoneId:1787 com.android.internal.telephony.ITelephonyRegistry$Stub.onTransact:546 android.os.Binder.execTransactInternal:1523 
06-16 16:09:12.190  2868  2868 V OplusCustomizeCacheManager: queryCache name: sys.cache.common_customize_cache18016 param: null
06-16 16:09:12.190  2868  2868 V OplusCustomizeCacheManager: queryCache name: sys.cache.common_customize_cache18013 param: null
06-16 16:09:12.190  2868  2868 V OplusCustomizeCacheManager: queryCache name: sys.cache.common_customize_cache18014 param: null
06-16 16:09:12.190  2868  2868 V OplusCustomizeCacheManager: queryCache name: sys.cache.common_customize_cache18017 param: Bundle[{SETTING=BLOCK, BUSINESS=NCT-DATA}]
06-16 16:09:12.191  2028  2055 W ContextImpl: Calling a method in the system process without a qualified user: android.app.ContextImpl.sendBroadcastMultiplePermissions:1344 com.android.server.TelephonyRegistry.broadcastServiceStateChanged:3786 com.android.server.TelephonyRegistry.notifyServiceStateForPhoneId:1787 com.android.internal.telephony.ITelephonyRegistry$Stub.onTransact:546 android.os.Binder.execTransactInternal:1523 
06-16 16:09:12.193  2028  2055 W ContextImpl: Calling a method in the system process without a qualified user: android.app.ContextImpl.sendBroadcastMultiplePermissions:1344 com.android.server.TelephonyRegistry.broadcastServiceStateChanged:3792 com.android.server.TelephonyRegistry.notifyServiceStateForPhoneId:1787 com.android.internal.telephony.ITelephonyRegistry$Stub.onTransact:546 android.os.Binder.execTransactInternal:1523 
06-16 16:09:12.370 32677 32677 I Quality : GetResourcesInfo:179474231,/apex/com.android.cellbroadcast/priv-app/GoogleCellBroadcastApp@351511000/GoogleCellBroadcastApp.apk
06-16 16:09:12.379 32677 32677 D ResourcesManagerExtImpl: applyConfigurationToAppResourcesLocked app.getDisplayId() return callback.displayId:-1
06-16 16:09:12.417  2028  3582 I ActivityManager: Flag disabled. Ignoring finishAttachApplication from uid: 10287. pid: 32677
06-16 16:09:12.422  2028  3582 D CompatChangeReporter: Compat change id reported: 297989574; UID 10287; state: ENABLED
06-16 16:09:15.814  2028  2122 D OplusDisplayBrightnessBroadcastReceiver: onReceive action = android.intent.action.BATTERY_CHANGED , listeners = [com.android.server.display.OplusFeatureHDREnhanceBrightness$PhoneInfoReceiver@8b35f4b, com.android.server.display.OplusFeatureEdrEnhanceBrightness$PhoneInfoReceiver@a6a9d28]
06-16 16:09:15.990  2028  2290 V AlarmManager: sending alarm Alarm{75e6c6b type 3 origWhen 23431055 whenElapsed 23431055 android} uid 1000 whenElapsed 23431055 windowLength 26985 maxWhenElapsed 23458040 repeatInterval 0 action null component null tag *job.delay* flags 0x0 procName system_server
06-16 16:09:15.991  2028  2290 D OplusProxyWakeLock: acquireProxyWakeLock failed, prevent uid: 1000 tag:*alar  WorkSource{10486 com.tul.tatacliq} result: TAG_NULL
06-16 16:09:15.992  2028  2497 D OAppNetControlService: Hans update:[10486=false][0|0] blackList:[10588, 10339, 10337, 10373, 10298, 10509, 10514, 10396, 10376, 10397, 10354, 10382, 10391, 10484, 10357, 10596]
06-16 16:09:15.996  2028  2290 V AlarmManager: sending alarm Alarm{884ec61 type 3 origWhen 23438149 whenElapsed 23438149 com.google.android.gms} uid 10114 whenElapsed 23438149 windowLength 11250 maxWhenElapsed 23449399 repeatInterval 0 action com.google.android.gms.auth.authzen.cryptauth.DEVICE_STATE_CHECK_DELAY_COMPLETE component ComponentInfo{com.google.android.gms/com.google.android.gms.chimera.GmsIntentOperationService} flags 0x0 procName com.google.android.gms
06-16 16:09:16.014  2028  2497 D OAppNetControlService: Hans update:[10357=false][0|0] blackList:[10588, 10339, 10337, 10373, 10298, 10509, 10514, 10396, 10376, 10397, 10354, 10382, 10391, 10484, 10596]
06-16 16:09:16.026  2028  2269 D CompatChangeReporter: Compat change id reported: 151861875; UID 10377; state: ENABLED
06-16 16:09:16.045  2028  2097 I ActivityManager: Start proc 32705:com.application.zomato/u0a377 for service {com.application.zomato/androidx.work.impl.background.systemjob.SystemJobService}
06-16 16:09:16.073  2028  3582 W ActivityManager: Receiver with filter android.content.IntentFilter@a069510 already registered for pid 24191, callerPackage is com.jio.myjio
06-16 16:09:16.075  2028  3582 W ActivityManager: Receiver with filter android.content.IntentFilter@327f23c already registered for pid 24191, callerPackage is com.jio.myjio
06-16 16:09:16.080  2028  3582 D ActivityTaskManagerServiceExtImpl: preBindApplication record is null
06-16 16:09:16.091  2028  2269 W JobServiceContext: Sending onNetworkChanged for a job that isn't started. JobStatus{7a80f6 #u0a377/1104 com.application.zomato/androidx.work.impl.background.systemjob.SystemJobService u=0 s=10377 TIME=-15s119ms:none NET READY}
06-16 16:09:16.103  2028  2055 W MultiApp-CMAService: Encountered calling -> target with no cached rules: 10377 -> 99910278
06-16 16:09:16.103  2028  2055 W MultiApp-CMAService: Encountered calling -> target with no cached rules: 10377 -> 99910018
06-16 16:09:16.103  2028  2055 W MultiApp-CMAService: Encountered calling -> target with no cached rules: 10377 -> 99910273
06-16 16:09:16.103  2028  2055 W MultiApp-CMAService: Encountered calling -> target with no cached rules: 10377 -> 99910024
06-16 16:09:16.103  2028  2055 W MultiApp-CMAService: Encountered calling -> target with no cached rules: 10377 -> 99910187
06-16 16:09:16.103  2028  2055 W MultiApp-CMAService: Encountered calling -> target with no cached rules: 10377 -> 99910022
06-16 16:09:16.103  2028  2055 W MultiApp-CMAService: Encountered calling -> target with no cached rules: 10377 -> 99910177
06-16 16:09:16.103  2028  2055 W MultiApp-CMAService: Encountered calling -> target with no cached rules: 10377 -> 99910190
06-16 16:09:16.103  2028  2055 W MultiApp-CMAService: Encountered calling -> target with no cached rules: 10377 -> 99910008
06-16 16:09:16.103  2028  2055 W MultiApp-CMAService: Encountered calling -> target with no cached rules: 10377 -> 99910170
06-16 16:09:16.103  2028  2055 W MultiApp-CMAService: Encountered calling -> target with no cached rules: 10377 -> 99910101
06-16 16:09:16.103  2028  2055 W MultiApp-CMAService: Encountered calling -> target with no cached rules: 10377 -> 99910234
06-16 16:09:16.103  2028  2055 W MultiApp-CMAService: Encountered calling -> target with no cached rules: 10377 -> 99910272
06-16 16:09:16.103  2028  2055 W MultiApp-CMAService: Encountered calling -> target with no cached rules: 10377 -> 99910015
06-16 16:09:16.103  2028  2055 W MultiApp-CMAService: Encountered calling -> target with no cached rules: 10377 -> 99910309
06-16 16:09:16.103  2028  2055 W MultiApp-CMAService: Encountered calling -> target with no cached rules: 10377 -> 99910214
06-16 16:09:16.103  2028  2055 W MultiApp-CMAService: Encountered calling -> target with no cached rules: 10377 -> 99910180
06-16 16:09:16.104  2028  2055 W MultiApp-CMAService: Encountered calling -> target with no cached rules: 10377 -> 99910282
06-16 16:09:16.104  2028  2055 W MultiApp-CMAService: Encountered calling -> target with no cached rules: 10377 -> 99910120
06-16 16:09:16.104  2028  2055 W MultiApp-CMAService: Encountered calling -> target with no cached rules: 10377 -> 99910561
06-16 16:09:16.104  2028  2055 W MultiApp-CMAService: Encountered calling -> target with no cached rules: 10377 -> 99910127
06-16 16:09:16.104  2028  2055 W MultiApp-CMAService: Encountered calling -> target with no cached rules: 10377 -> 99910113
06-16 16:09:16.104  2028  2055 W MultiApp-CMAService: Encountered calling -> target with no cached rules: 10377 -> 99910096
06-16 16:09:16.104  2028  2055 W MultiApp-CMAService: Encountered calling -> target with no cached rules: 10377 -> 99910030
06-16 16:09:16.104  2028  2055 W MultiApp-CMAService: Encountered calling -> target with no cached rules: 10377 -> 99910183
06-16 16:09:16.104  2028  2055 W MultiApp-CMAService: Encountered calling -> target with no cached rules: 10377 -> 99910289
06-16 16:09:16.104  2028  2055 W MultiApp-CMAService: Encountered calling -> target with no cached rules: 10377 -> 99910085
06-16 16:09:16.104  2028  2055 W MultiApp-CMAService: Encountered calling -> target with no cached rules: 10377 -> 99910312
06-16 16:09:16.104  2028  2055 W MultiApp-CMAService: Encountered calling -> target with no cached rules: 10377 -> 99910185
06-16 16:09:16.104  2028  2055 W MultiApp-CMAService: Encountered calling -> target with no cached rules: 10377 -> 99910019
06-16 16:09:16.104  2028  2055 W MultiApp-CMAService: Encountered calling -> target with no cached rules: 10377 -> 99910021
06-16 16:09:16.104  2028  2055 W MultiApp-CMAService: Encountered calling -> target with no cached rules: 10377 -> 99910031
06-16 16:09:16.104  2028  2055 W MultiApp-CMAService: Encountered calling -> target with no cached rules: 10377 -> 99910093
06-16 16:09:16.104  2028  2055 W MultiApp-CMAService: Encountered calling -> target with no cached rules: 10377 -> 99910004
06-16 16:09:16.104  2028  2055 W MultiApp-CMAService: Encountered calling -> target with no cached rules: 10377 -> 99910129
06-16 16:09:16.104  2028  2055 W MultiApp-CMAService: Encountered calling -> target with no cached rules: 10377 -> 99910172
06-16 16:09:16.104  2028  2055 W MultiApp-CMAService: Encountered calling -> target with no cached rules: 10377 -> 99910265
06-16 16:09:16.104  2028  2055 W MultiApp-CMAService: Encountered calling -> target with no cached rules: 10377 -> 99910240
06-16 16:09:16.104  2028  2055 W MultiApp-CMAService: Encountered calling -> target with no cached rules: 10377 -> 99910247
06-16 16:09:16.104  2028  2055 W MultiApp-CMAService: Encountered calling -> target with no cached rules: 10377 -> 99910284
06-16 16:09:16.104  2028  2055 W MultiApp-CMAService: Encountered calling -> target with no cached rules: 10377 -> 99910003
06-16 16:09:16.104  2028  2055 W MultiApp-CMAService: Encountered calling -> target with no cached rules: 10377 -> 99910238
06-16 16:09:16.104  2028  2055 W MultiApp-CMAService: Encountered calling -> target with no cached rules: 10377 -> 99910097
06-16 16:09:16.104  2028  2055 W MultiApp-CMAService: Encountered calling -> target with no cached rules: 10377 -> 99910166
06-16 16:09:16.104  2028  2055 W MultiApp-CMAService: Encountered calling -> target with no cached rules: 10377 -> 99910077
06-16 16:09:16.104  2028  2055 W MultiApp-CMAService: Encountered calling -> target with no cached rules: 10377 -> 99910094
06-16 16:09:16.104  2028  2055 W MultiApp-CMAService: Encountered calling -> target with no cached rules: 10377 -> 99910248
06-16 16:09:16.104  2028  2055 W MultiApp-CMAService: Encountered calling -> target with no cached rules: 10377 -> 99910175
06-16 16:09:16.104  2028  2055 W MultiApp-CMAService: Encountered calling -> target with no cached rules: 10377 -> 99910005
06-16 16:09:16.104  2028  2055 W MultiApp-CMAService: Encountered calling -> target with no cached rules: 10377 -> 99910000
06-16 16:09:16.104  2028  2055 W MultiApp-CMAService: Encountered calling -> target with no cached rules: 10377 -> 99910194
06-16 16:09:16.104  2028  2055 W MultiApp-CMAService: Encountered calling -> target with no cached rules: 10377 -> 99910082
06-16 16:09:16.104  2028  2055 W MultiApp-CMAService: Encountered calling -> target with no cached rules: 10377 -> 99910001
06-16 16:09:16.104  2028  2055 W MultiApp-CMAService: Encountered calling -> target with no cached rules: 10377 -> 99910310
06-16 16:09:16.104  2028  2055 W MultiApp-CMAService: Encountered calling -> target with no cached rules: 10377 -> 99910237
06-16 16:09:16.104  2028  2055 W MultiApp-CMAService: Encountered calling -> target with no cached rules: 10377 -> 99910188
06-16 16:09:16.104  2028  2055 W MultiApp-CMAService: Encountered calling -> target with no cached rules: 10377 -> 99910107
06-16 16:09:16.104  2028  2055 W MultiApp-CMAService: Encountered calling -> target with no cached rules: 10377 -> 99910152
06-16 16:09:16.104  2028  2055 W MultiApp-CMAService: Encountered calling -> target with no cached rules: 10377 -> 99910026
06-16 16:09:16.104  2028  2055 W MultiApp-CMAService: Encountered calling -> target with no cached rules: 10377 -> 99910275
06-16 16:09:16.104  2028  2055 W MultiApp-CMAService: Encountered calling -> target with no cached rules: 10377 -> 99910565
06-16 16:09:16.104  2028  2055 W MultiApp-CMAService: Encountered calling -> target with no cached rules: 10377 -> 99910108
06-16 16:09:16.104  2028  2055 W MultiApp-CMAService: Encountered calling -> target with no cached rules: 10377 -> 99910100
06-16 16:09:16.104  2028  2055 W MultiApp-CMAService: Encountered calling -> target with no cached rules: 10377 -> 99910119
06-16 16:09:16.104  2028  2055 W MultiApp-CMAService: Encountered calling -> target with no cached rules: 10377 -> 99910002
06-16 16:09:16.104  2028  2055 W MultiApp-CMAService: Encountered calling -> target with no cached rules: 10377 -> 99910006
06-16 16:09:16.104  2028  2055 W MultiApp-CMAService: Encountered calling -> target with no cached rules: 10377 -> 99910115
06-16 16:09:16.105  2028  2055 W MultiApp-CMAService: Encountered calling -> target with no cached rules: 10377 -> 99910023
06-16 16:09:16.105  2028  2055 W MultiApp-CMAService: Encountered calling -> target with no cached rules: 10377 -> 99910285
06-16 16:09:16.105  2028  2055 W MultiApp-CMAService: Encountered calling -> target with no cached rules: 10377 -> 99910020
06-16 16:09:16.105  2028  2055 W MultiApp-CMAService: Encountered calling -> target with no cached rules: 10377 -> 99910043
06-16 16:09:16.105  2028  2055 W MultiApp-CMAService: Encountered calling -> target with no cached rules: 10377 -> 99910280
06-16 16:09:16.105  2028  2055 W MultiApp-CMAService: Encountered calling -> target with no cached rules: 10377 -> 99910231
06-16 16:09:16.105  2028  2055 W MultiApp-CMAService: Encountered calling -> target with no cached rules: 10377 -> 99910235
06-16 16:09:16.105  2028  2055 W MultiApp-CMAService: Encountered calling -> target with no cached rules: 10377 -> 99910122
06-16 16:09:16.105  2028  2055 W MultiApp-CMAService: Encountered calling -> target with no cached rules: 10377 -> 99910236
06-16 16:09:16.105  2028  2055 W MultiApp-CMAService: Encountered calling -> target with no cached rules: 10377 -> 99910142
06-16 16:09:16.105  2028  2055 W MultiApp-CMAService: Encountered calling -> target with no cached rules: 10377 -> 99910039
06-16 16:09:16.105  2028  2055 W MultiApp-CMAService: Encountered calling -> target with no cached rules: 10377 -> 99910134
06-16 16:09:16.105  2028  2055 W MultiApp-CMAService: Encountered calling -> target with no cached rules: 10377 -> 99910073
06-16 16:09:16.105  2028  2055 W MultiApp-CMAService: Encountered calling -> target with no cached rules: 10377 -> 99910167
06-16 16:09:16.105  2028  2055 W MultiApp-CMAService: Encountered calling -> target with no cached rules: 10377 -> 99910186
06-16 16:09:16.105  2028  2055 W MultiApp-CMAService: Encountered calling -> target with no cached rules: 10377 -> 99910239
06-16 16:09:16.105  2028  2055 W MultiApp-CMAService: Encountered calling -> target with no cached rules: 10377 -> 99910104
06-16 16:09:16.105  2028  2055 W MultiApp-CMAService: Encountered calling -> target with no cached rules: 10377 -> 99910074
06-16 16:09:16.105  2028  2055 W MultiApp-CMAService: Encountered calling -> target with no cached rules: 10377 -> 99910012
06-16 16:09:16.105  2028  2055 W MultiApp-CMAService: Encountered calling -> target with no cached rules: 10377 -> 99910562
06-16 16:09:16.105  2028  2055 W MultiApp-CMAService: Encountered calling -> target with no cached rules: 10377 -> 99910279
06-16 16:09:16.105  2028  2055 W MultiApp-CMAService: Encountered calling -> target with no cached rules: 10377 -> 99910184
06-16 16:09:16.105  2028  2055 W MultiApp-CMAService: Encountered calling -> target with no cached rules: 10377 -> 99910288
06-16 16:09:16.105  2028  2055 W MultiApp-CMAService: Encountered calling -> target with no cached rules: 10377 -> 99910290
06-16 16:09:16.105  2028  2055 W MultiApp-CMAService: Encountered calling -> target with no cached rules: 10377 -> 99910271
06-16 16:09:16.105  2028  2055 W MultiApp-CMAService: Encountered calling -> target with no cached rules: 10377 -> 99910112
06-16 16:09:16.105  2028  2055 W MultiApp-CMAService: Encountered calling -> target with no cached rules: 10377 -> 99910106
06-16 16:09:16.105  2028  2055 W MultiApp-CMAService: Encountered calling -> target with no cached rules: 10377 -> 99910109
06-16 16:09:16.105  2028  2055 W MultiApp-CMAService: Encountered calling -> target with no cached rules: 10377 -> 99910144
06-16 16:09:16.105  2028  2055 W MultiApp-CMAService: Encountered calling -> target with no cached rules: 10377 -> 99910251
06-16 16:09:16.105  2028  2055 W MultiApp-CMAService: Encountered calling -> target with no cached rules: 10377 -> 99910241
06-16 16:09:16.105  2028  2055 W MultiApp-CMAService: Encountered calling -> target with no cached rules: 10377 -> 99910143
06-16 16:09:16.105  2028  2055 W MultiApp-CMAService: Encountered calling -> target with no cached rules: 10377 -> 99910037
06-16 16:09:16.105  2028  2055 W MultiApp-CMAService: Encountered calling -> target with no cached rules: 10377 -> 99910076
06-16 16:09:16.105  2028  2055 W MultiApp-CMAService: Encountered calling -> target with no cached rules: 10377 -> 99910252
06-16 16:09:16.105  2028  2055 W MultiApp-CMAService: Encountered calling -> target with no cached rules: 10377 -> 99910361
06-16 16:09:16.105  2028  2055 W MultiApp-CMAService: Encountered calling -> target with no cached rules: 10377 -> 99910168
06-16 16:09:16.105  2028  2055 W MultiApp-CMAService: Encountered calling -> target with no cached rules: 10377 -> 99910540
06-16 16:09:16.105  2028  2055 W MultiApp-CMAService: Encountered calling -> target with no cached rules: 10377 -> 99910147
06-16 16:09:16.105  2028  2055 W MultiApp-CMAService: Encountered calling -> target with no cached rules: 10377 -> 99910041
06-16 16:09:16.105  2028  2055 W MultiApp-CMAService: Encountered calling -> target with no cached rules: 10377 -> 99910131
06-16 16:09:16.164 32705 32705 D ResourcesManagerExtImpl: applyConfigurationToAppResourcesLocked app.getDisplayId() return callback.displayId:-1
06-16 16:09:16.290  2028  3037 W MultiApp-CMAService: Encountered calling -> target with no cached rules: 10377 -> 99910278
06-16 16:09:16.290  2028  3037 W MultiApp-CMAService: Encountered calling -> target with no cached rules: 10377 -> 99910018
06-16 16:09:16.290  2028  3037 W MultiApp-CMAService: Encountered calling -> target with no cached rules: 10377 -> 99910273
06-16 16:09:16.290  2028  3037 W MultiApp-CMAService: Encountered calling -> target with no cached rules: 10377 -> 99910024
06-16 16:09:16.290  2028  3037 W MultiApp-CMAService: Encountered calling -> target with no cached rules: 10377 -> 99910187
06-16 16:09:16.290  2028  3037 W MultiApp-CMAService: Encountered calling -> target with no cached rules: 10377 -> 99910022
06-16 16:09:16.290  2028  3037 W MultiApp-CMAService: Encountered calling -> target with no cached rules: 10377 -> 99910177
06-16 16:09:16.290  2028  3037 W MultiApp-CMAService: Encountered calling -> target with no cached rules: 10377 -> 99910190
06-16 16:09:16.290  2028  3037 W MultiApp-CMAService: Encountered calling -> target with no cached rules: 10377 -> 99910008
06-16 16:09:16.290  2028  3037 W MultiApp-CMAService: Encountered calling -> target with no cached rules: 10377 -> 99910170
06-16 16:09:16.290  2028  3037 W MultiApp-CMAService: Encountered calling -> target with no cached rules: 10377 -> 99910101
06-16 16:09:16.291  2028  3037 W MultiApp-CMAService: Encountered calling -> target with no cached rules: 10377 -> 99910234
06-16 16:09:16.291  2028  3037 W MultiApp-CMAService: Encountered calling -> target with no cached rules: 10377 -> 99910272
06-16 16:09:16.291  2028  3037 W MultiApp-CMAService: Encountered calling -> target with no cached rules: 10377 -> 99910015
06-16 16:09:16.291  2028  3037 W MultiApp-CMAService: Encountered calling -> target with no cached rules: 10377 -> 99910309
06-16 16:09:16.291  2028  3037 W MultiApp-CMAService: Encountered calling -> target with no cached rules: 10377 -> 99910214
06-16 16:09:16.291  2028  3037 W MultiApp-CMAService: Encountered calling -> target with no cached rules: 10377 -> 99910180
06-16 16:09:16.291  2028  3037 W MultiApp-CMAService: Encountered calling -> target with no cached rules: 10377 -> 99910282
06-16 16:09:16.291  2028  3037 W MultiApp-CMAService: Encountered calling -> target with no cached rules: 10377 -> 99910120
06-16 16:09:16.291  2028  3037 W MultiApp-CMAService: Encountered calling -> target with no cached rules: 10377 -> 99910561
06-16 16:09:16.291  2028  3037 W MultiApp-CMAService: Encountered calling -> target with no cached rules: 10377 -> 99910127
06-16 16:09:16.291  2028  3037 W MultiApp-CMAService: Encountered calling -> target with no cached rules: 10377 -> 99910113
06-16 16:09:16.291  2028  3037 W MultiApp-CMAService: Encountered calling -> target with no cached rules: 10377 -> 99910096
06-16 16:09:16.291  2028  3037 W MultiApp-CMAService: Encountered calling -> target with no cached rules: 10377 -> 99910030
06-16 16:09:16.291  2028  3037 W MultiApp-CMAService: Encountered calling -> target with no cached rules: 10377 -> 99910183
06-16 16:09:16.291  2028  3037 W MultiApp-CMAService: Encountered calling -> target with no cached rules: 10377 -> 99910289
06-16 16:09:16.291  2028  3037 W MultiApp-CMAService: Encountered calling -> target with no cached rules: 10377 -> 99910085
06-16 16:09:16.291  2028  3037 W MultiApp-CMAService: Encountered calling -> target with no cached rules: 10377 -> 99910312
06-16 16:09:16.291  2028  3037 W MultiApp-CMAService: Encountered calling -> target with no cached rules: 10377 -> 99910185
06-16 16:09:16.291  2028  3037 W MultiApp-CMAService: Encountered calling -> target with no cached rules: 10377 -> 99910019
06-16 16:09:16.291  2028  3037 W MultiApp-CMAService: Encountered calling -> target with no cached rules: 10377 -> 99910021
06-16 16:09:16.291  2028  3037 W MultiApp-CMAService: Encountered calling -> target with no cached rules: 10377 -> 99910031
06-16 16:09:16.291  2028  3037 W MultiApp-CMAService: Encountered calling -> target with no cached rules: 10377 -> 99910093
06-16 16:09:16.291  2028  3037 W MultiApp-CMAService: Encountered calling -> target with no cached rules: 10377 -> 99910004
06-16 16:09:16.291  2028  3037 W MultiApp-CMAService: Encountered calling -> target with no cached rules: 10377 -> 99910129
06-16 16:09:16.291  2028  3037 W MultiApp-CMAService: Encountered calling -> target with no cached rules: 10377 -> 99910172
06-16 16:09:16.291  2028  3037 W MultiApp-CMAService: Encountered calling -> target with no cached rules: 10377 -> 99910265
06-16 16:09:16.291  2028  3037 W MultiApp-CMAService: Encountered calling -> target with no cached rules: 10377 -> 99910240
06-16 16:09:16.291  2028  3037 W MultiApp-CMAService: Encountered calling -> target with no cached rules: 10377 -> 99910247
06-16 16:09:16.291  2028  3037 W MultiApp-CMAService: Encountered calling -> target with no cached rules: 10377 -> 99910284
06-16 16:09:16.291  2028  3037 W MultiApp-CMAService: Encountered calling -> target with no cached rules: 10377 -> 99910003
06-16 16:09:16.291  2028  3037 W MultiApp-CMAService: Encountered calling -> target with no cached rules: 10377 -> 99910238
06-16 16:09:16.291  2028  3037 W MultiApp-CMAService: Encountered calling -> target with no cached rules: 10377 -> 99910097
06-16 16:09:16.291  2028  3037 W MultiApp-CMAService: Encountered calling -> target with no cached rules: 10377 -> 99910166
06-16 16:09:16.291  2028  3037 W MultiApp-CMAService: Encountered calling -> target with no cached rules: 10377 -> 99910077
06-16 16:09:16.291  2028  3037 W MultiApp-CMAService: Encountered calling -> target with no cached rules: 10377 -> 99910094
06-16 16:09:16.291  2028  3037 W MultiApp-CMAService: Encountered calling -> target with no cached rules: 10377 -> 99910248
06-16 16:09:16.291  2028  3037 W MultiApp-CMAService: Encountered calling -> target with no cached rules: 10377 -> 99910175
06-16 16:09:16.291  2028  3037 W MultiApp-CMAService: Encountered calling -> target with no cached rules: 10377 -> 99910005
06-16 16:09:16.291  2028  3037 W MultiApp-CMAService: Encountered calling -> target with no cached rules: 10377 -> 99910000
06-16 16:09:16.291  2028  3037 W MultiApp-CMAService: Encountered calling -> target with no cached rules: 10377 -> 99910194
06-16 16:09:16.292  2028  3037 W MultiApp-CMAService: Encountered calling -> target with no cached rules: 10377 -> 99910082
06-16 16:09:16.292  2028  3037 W MultiApp-CMAService: Encountered calling -> target with no cached rules: 10377 -> 99910001
06-16 16:09:16.292  2028  3037 W MultiApp-CMAService: Encountered calling -> target with no cached rules: 10377 -> 99910310
06-16 16:09:16.292  2028  3037 W MultiApp-CMAService: Encountered calling -> target with no cached rules: 10377 -> 99910237
06-16 16:09:16.292  2028  3037 W MultiApp-CMAService: Encountered calling -> target with no cached rules: 10377 -> 99910188
06-16 16:09:16.292  2028  3037 W MultiApp-CMAService: Encountered calling -> target with no cached rules: 10377 -> 99910107
06-16 16:09:16.292  2028  3037 W MultiApp-CMAService: Encountered calling -> target with no cached rules: 10377 -> 99910152
06-16 16:09:16.292  2028  3037 W MultiApp-CMAService: Encountered calling -> target with no cached rules: 10377 -> 99910026
06-16 16:09:16.292  2028  3037 W MultiApp-CMAService: Encountered calling -> target with no cached rules: 10377 -> 99910275
06-16 16:09:16.292  2028  3037 W MultiApp-CMAService: Encountered calling -> target with no cached rules: 10377 -> 99910565
06-16 16:09:16.292  2028  3037 W MultiApp-CMAService: Encountered calling -> target with no cached rules: 10377 -> 99910108
06-16 16:09:16.292  2028  3037 W MultiApp-CMAService: Encountered calling -> target with no cached rules: 10377 -> 99910100
06-16 16:09:16.292  2028  3037 W MultiApp-CMAService: Encountered calling -> target with no cached rules: 10377 -> 99910119
06-16 16:09:16.292  2028  3037 W MultiApp-CMAService: Encountered calling -> target with no cached rules: 10377 -> 99910002
06-16 16:09:16.292  2028  3037 W MultiApp-CMAService: Encountered calling -> target with no cached rules: 10377 -> 99910006
06-16 16:09:16.292  2028  3037 W MultiApp-CMAService: Encountered calling -> target with no cached rules: 10377 -> 99910115
06-16 16:09:16.292  2028  3037 W MultiApp-CMAService: Encountered calling -> target with no cached rules: 10377 -> 99910023
06-16 16:09:16.292  2028  3037 W MultiApp-CMAService: Encountered calling -> target with no cached rules: 10377 -> 99910285
06-16 16:09:16.292  2028  3037 W MultiApp-CMAService: Encountered calling -> target with no cached rules: 10377 -> 99910020
06-16 16:09:16.292  2028  3037 W MultiApp-CMAService: Encountered calling -> target with no cached rules: 10377 -> 99910043
06-16 16:09:16.292  2028  3037 W MultiApp-CMAService: Encountered calling -> target with no cached rules: 10377 -> 99910280
