06-16 16:09:57.460  2028  2126 D VRR [OPlusExternalRefreshRateManager]: screenStateChange state: 1
06-16 16:09:57.461  2028  2120 D OplusSmartBrightnessController: onScreenEvent isScreenOn displayId[0]=false isFolding=false policy=OFF
06-16 16:09:57.461  2028  2120 D Arc[OplusBrightnessAmbientAdapter]: onScreenEvent displayId:0 isScreenOn:false isFolding:false mIsProximityPowerOff:false mIsNeedResetSpline:false
06-16 16:09:57.463  2028  2122 D Arc[LuxEvent]: aux light sensor enable:false
06-16 16:09:57.463  2028  2122 D Arc[LuxEvent]: unregister AUX_LIGHT result:true
06-16 16:09:57.464  2028  2122 D Arc[ProximityEvent]: proximity sensor enable:false
06-16 16:09:57.464  2028  2120 D Arc[OplusFeatureBrightnessBarController]: BrightnessBarController is not support.
06-16 16:09:57.465  2028  2122 D Arc[ProximityEvent]: unregister PROXIMITY result:true
06-16 16:09:57.466  2028  2122 D OplusFeatureHDREnhanceBrightness: MSG_RUS_APPLY false
06-16 16:09:57.466  2028  2122 D Arc[SensorDelegate]: AUX_LIGHT unregisterListener fail
06-16 16:09:57.468  2028  2122 D Arc[SensorDelegate]: PROXIMITY unregisterListener success
06-16 16:09:57.470  2028  2120 D DisplayPowerState[0]: setScreenState changed:ON->OFF
06-16 16:09:57.471  2028  2120 D ActivityTaskManager: Top Process State changed to PROCESS_STATE_TOP_SLEEPING
06-16 16:09:57.472  2028  2120 D WindowManager:  setIsSleeping from  false to true this=Display{#0 state=ON size=1080x2412 ROTATION_0}
06-16 16:09:57.475  2028  2028 E MBrainLocalService: notifyAppSwitch failed
06-16 16:09:57.477  2028  2120 D WindowManager: screenTurnedOff  Display{#0 state=ON size=1080x2412 ROTATION_0}
06-16 16:09:57.477  2028  2120 D OplusScreenOffGestureManager: registerSensor:
06-16 16:09:57.477  2028  2120 D OplusScreenOffGestureManager: registerSensor sensor name = gesture_prox
06-16 16:09:57.482  2028  2120 I DisplayBrightnessStrategySelector: Changing the DisplayBrightnessStrategy from InvalidBrightnessStrategy to ScreenOffBrightnessStrategy for display 0
06-16 16:09:57.482  2028  2120 D ColorAutomaticBrightnessController: setLightSensorEnabled: enable=false, mLightSensorEnabled=true
06-16 16:09:57.483  2028  2841 D ActivityTaskManager: setAppVisibility(Token{b6a2a92 ActivityRecord{21510cf u0 com.android.launcher/.Launcher t5}}, visible=false): mNextAppTransitionRequests=[], mNextAppTransitionFlags=,mAppTransitionState=APP_STATE_IDLE visible=true mVisibleRequested=true
06-16 16:09:57.484  2028  2841 D ActivityTaskManager: commitVisibility: ActivityRecord{21510cf u0 com.android.launcher/.Launcher t5}: visible=false visibleRequested=false, isInTransition=false, runningAnimation=false 
06-16 16:09:57.484  2028  2841 D WindowManager: NFW_findFocusedWindowIfNeeded:null mCurrentFocus:Window{69feb1c u0 com.android.launcher/com.android.launcher.Launcher}
06-16 16:09:57.484  2028  2841 D DisplayContentExtImpl: target is same with the last, remove the ime snapshot immediately.
06-16 16:09:57.484  2028  2841 V WindowManager: Changing focus from Window{69feb1c u0 com.android.launcher/com.android.launcher.Launcher} to null,diplayid=0
06-16 16:09:57.485  2028  2841 D WindowManager: NFW_setClientVisible:ActivityRecord{21510cf u0 com.android.launcher/.Launcher t5} clientVisible:false
06-16 16:09:57.487  2028  2841 I TaskOrganizerController: onTaskInfoChanged taskid 1 config { mBounds=Rect(0, 0 - 1080, 2412) mAppBounds=Rect(0, 0 - 1080, 2412) mMaxBounds=Rect(0, 0 - 1080, 2412) mDisplayRotation=ROTATION_0 mWindowingMode=fullscreen mActivityType=home mAlwaysOnTop=undefined mRotation=ROTATION_0}
06-16 16:09:57.488  2028  2841 D OplusFlexibleDragToSplitAnimController: visibleFlexibleTaskInfos delete:1
06-16 16:09:57.490  2028  2841 D OplusCustomizeSettingsManagerService: isProtectEyesOn result = false
06-16 16:09:57.492  2028  2841 D OplusUserManagerServiceEnhance: getMultiSystemUserId  res = -10000
06-16 16:09:57.492  2028  2083 D WindowManager: NFW_setClientVisible:WallpaperWindowToken{10127d3 token=android.os.Binder@f14378f showWhenLocked=true} clientVisible:false
06-16 16:09:57.492  2028  2585 E OplusCustomizeRestrictionManagerService: isBiometricDisabled start
06-16 16:09:57.493  2028  2585 D LockSettingsService: [getStrongAuthForUser]  userId = 0
06-16 16:09:57.493  2028  2585 D BiometricUtils: isEncrypted: false isLockdown: false
06-16 16:09:57.493  2028  2083 I WindowStateExtImpl: onSurfaceShowChange show = false mPackageName = com.android.launcher parentPkgName = com.android.launcher
06-16 16:09:57.504  2028  2080 D OplusScreenOffGestureManager: onSensorChanged
06-16 16:09:57.506  2028  2082 D WindowManager: NFW_findFocusedWindowIfNeeded:null mCurrentFocus:null
06-16 16:09:57.506  2028  2841 D SnapshotCache: removeRunningEntry id: 5, callers=com.android.server.wm.TaskSnapshotController.removeSnapshotCache:385 com.android.server.wm.ActivityClientController.invalidateHomeTaskSnapshot:1804 android.app.IActivityClientController$Stub.onTransact:1320 
06-16 16:09:57.510  2028  2379 E OplusCustomizeRestrictionManagerService: isBiometricDisabled start
06-16 16:09:57.510  2028  2379 D BiometricService: Sensor ID(4), oemStrength: 4095, updatedStrength: 4095, modality 8, state: 0, cookie: 0, sensorId 4, hasEnrollments: false cannot participate in Keystore operations
06-16 16:09:57.511  2028  3037 D WindowManagerServiceExtImpl: extractConfigInfoAndRealFlags rotation=0, screenDp=360, residentWS:0, scenario:0, bounds:2412, serverWinBounds:Rect(0, 0 - 1080, 2412), win=Window{69feb1c u0 com.android.launcher/com.android.launcher.Launcher}
06-16 16:09:57.511  2028  3037 V WindowManager: Relayout Window{69feb1c u0 com.android.launcher/com.android.launcher.Launcher}: viewVisibility=8, oldvis=0, req=1080x2412, vsysui=LAYOUT_STABLE LAYOUT_HIDE_NAVIGATION LAYOUT_FULLSCREEN
06-16 16:09:57.511  2028  2841 D OplusCustomizeSettingsManagerService: isProtectEyesOn result = false
06-16 16:09:57.512  2028  3165 I StatusBarManagerService: disableLocked, what:1600000, pkg:com.android.systemui userId: 0 token:android.os.BinderProxy@17e6b30 net1:1600000 net2:0
06-16 16:09:57.513  2028  2379 E OplusCustomizeRestrictionManagerService: isBiometricDisabled start
06-16 16:09:57.513  2028  2379 E OplusCustomizeRestrictionManagerService: isBiometricDisabled start
06-16 16:09:57.513  2028  3037 D WindowManager: NFW_findFocusedWindowIfNeeded:null mCurrentFocus:null
06-16 16:09:57.513  2028  3039 D OplusCustomizeSettingsManagerService: isProtectEyesOn result = false
06-16 16:09:57.514  2799  2799 D VRI[Launcher]: relayoutWindow result, sizeChanged:false, surfaceControlChanged:true, transformHintChanged:false, mSurfaceSize:Point(1080, 2412), mLastSurfaceSize:Point(1080, 2412), mWidth:1080, mHeight:2412, requestedWidth:1080, requestedHeight:2412, transformHint:0, installOrientation:0, displayRotation:0, isSurfaceValid:false, attr.flag:-2121203456, tmpFrames:ClientWindowFrames{frame=[0,0][1080,2412] display=[0,0][1080,2412] parentFrame=[0,0][0,0]}, relayoutAsync:false, mSyncSeqId:0
06-16 16:09:57.515   693  5118 I keystore2: system/security/keystore2/src/authorization.rs:155 - on_device_locked(user_id=0, unlocking_sids=[-5893304524472092489], weak_unlock_enabled=false)
06-16 16:09:57.516  2028  2120 D DpcExtImpl[0]: handleMessage:6791
06-16 16:09:57.516  2028  2120 D DisplayPowerState[0]: updateRunnable run fadeLevle=0.0 state=OFF brightness changed:2.0->-1.0
06-16 16:09:57.519  2028  3037 D LockSettingsService: [scheduleNonStrongBiometricIdleTimeout]  userId = 0
06-16 16:09:57.526  2028  3035 D WindowManagerServiceExtImpl: extractConfigInfoAndRealFlags rotation=0, screenDp=360, residentWS:0, scenario:0, bounds:2412, serverWinBounds:Rect(0, 0 - 1080, 2412), win=Window{dccd407 u0 (1-1)-Window{69a2778 alpha=1.0 fl=}}
06-16 16:09:57.526  2028  2443 D DisplayPowerState[0]: Updating screen state: id=0, state=OFF, backlight=-1.0, sdrBacklight=-1.0
06-16 16:09:57.526  2028  2391 D BiometricScheduler: [Added] {[134] com.android.server.biometrics.sensors.fingerprint.aidl.FingerprintAuthenticationClient, proto=3, owner=com.android.systemui, cookie=0, requestId=74, userId=0}, new queue size: 1, interruptable: true
06-16 16:09:57.526  2028  2391 D BiometricScheduler: [Polled] {[134] com.android.server.biometrics.sensors.fingerprint.aidl.FingerprintAuthenticationClient, proto=3, owner=com.android.systemui, cookie=0, requestId=74, userId=0}, State: 0
06-16 16:09:57.527  2028  2391 D GestureAvailabilityTracker: Notifying gesture availability, active=false
06-16 16:09:57.527  2028  2391 D BiometricScheduler: [Started] {[134] com.android.server.biometrics.sensors.fingerprint.aidl.FingerprintAuthenticationClient, proto=3, owner=com.android.systemui, cookie=0, requestId=74, userId=0}
06-16 16:09:57.527  2028  2443 D DisplayAdapterExt: sendDisplayDeviceEventLocked event=2,now=23490938,timestamp=23490938 device:[id=local:4627039422300187648,stack=0],isFirst=true,activeMode=2,state=OFF,commitState=ON,devInfo:null
06-16 16:09:57.527  2028  2391 D BiometricStateCallback: State updated from 0 to 2, client {[134] com.android.server.biometrics.sensors.fingerprint.aidl.FingerprintAuthenticationClient, proto=3, owner=com.android.systemui, cookie=0, requestId=74, userId=0}
06-16 16:09:57.527  2028  3035 V WindowManager: Relayout Window{dccd407 u0 (1-1)-Window{69a2778 alpha=1.0 fl=}}: viewVisibility=8, oldvis=0, req=1080x2412, vsysui=
06-16 16:09:57.527  2028  2443 D OplusSmartBrightnessController: requestDisplayState isFirstDisplay=true state=1 globalDisplayState=0x0
06-16 16:09:57.527  2028  2443 D DisplayDeviceExt: setDisplayState([4627039422300187648,true],ON->OFF),t-Name=PhotonicModulator
06-16 16:09:57.527  2028  3039 W PresentationStatsEventLogger: Shouldn't be logging AutofillPresentationEventReported again for same event
06-16 16:09:57.527  2028  2391 D Biometrics/AuthenticationClient: Requesting auth for com.android.systemui
06-16 16:09:57.527  2028  2391 D Biometrics/Fingerprint/UdfpsHelperExtImpl: preShowUdfpsOverlay sensor:1 reason:4
06-16 16:09:57.527  2028  2391 E Biometrics/Fingerprint/UdfpsHelperExtImpl: notifyFingerprintIconStatus: 1
06-16 16:09:57.527  2028  2391 D VRR [OPlusExternalRefreshRateManager]: setStatus with: 1
06-16 16:09:57.527  2028  2391 D VRR [OPlusExternalRefreshRateManager]: setStatus from 0 to 1
06-16 16:09:57.528  2028  2391 D VRR [OPlusExternalRefreshRateManager]: max rate from mRefreshRateConfigs is 120.00001, change to 120hz for fingerprint
06-16 16:09:57.528  2028  2391 D VRR [OPlusExternalRefreshRateManager]: keep max rate is: 120.0
06-16 16:09:57.528  2028  2391 D VRR [OPlusSurfaceFlingerController]:  setMiscExclusiveMode : 120
06-16 16:09:57.528  2028  3165 D OplusCustomizeSettingsManagerService: isProtectEyesOn result = false
06-16 16:09:57.528  2028  2391 D VRR [OPlusExternalRefreshRateManager]: setTouchIdleKeepHight enable: true
06-16 16:09:57.529  2028  2391 D RefreshRate: keepHighRefreshRate =1,mCurrentPickRate=120.00001
06-16 16:09:57.529  2028  2391 D RefreshRate: keepHighRefreshRate status=1: votes=PRIORITY_FOD_SHOW -> Vote{mRefreshRate=120.0, mMinRefreshRate=120.0, mRequestSource=null};PRIORITY_WINDOW_REQUEST -> Vote{mRefreshRate=120.0, mMinRefreshRate=120.0, mRequestSource=null};
06-16 16:09:57.537  2028  2107 D KernelCpuUidUserSysTimeReader: Removing uids 99073-99073
06-16 16:09:57.538  2028  2107 D KernelCpuUidUserSysTimeReader: Removing uids 99070-99070
06-16 16:09:57.538  2028  2107 D KernelCpuUidUserSysTimeReader: Removing uids 99074-99074
06-16 16:09:57.539  2028  3035 D WindowManager: NFW_findFocusedWindowIfNeeded:null mCurrentFocus:null
06-16 16:09:57.539  2578  2656 D WindowManagerShell: setLauncherKeepClearAreaHeight: visible=true, height=252
06-16 16:09:57.539  2028  2391 D OplusUserManagerServiceEnhance: getMultiSystemUserId  res = -10000
06-16 16:09:57.539  2028  2082 D DisplayDeviceRepositoryExtImpl: onDisplayDeviceEvent event=2,now=23490938,timestamp=23490938 device:[id=local:4627039422300187648,stack=0],isFirst=true,activeMode=2,state=OFF,commitState=ON,devInfo:DisplayDeviceInfo{"Built-in Screen": uniqueId="local:4627039422300187648", 1080 x 2412, modeId 2, renderFrameRate 120.00001, defaultModeId 1, userPreferredModeId 1, supportedModes [{id=1, width=1080, height=2412, fps=60.0, vsync=60.0, synthetic=false, alternativeRefreshRates=[90.0, 120.00001], supportedHdrTypes=[2, 3, 4]}, {id=2, width=1080, height=2412, fps=120.00001, vsync=120.00001, synthetic=false, alternativeRefreshRates=[60.0, 90.0], supportedHdrTypes=[2, 3, 4]}, {id=3, width=1080, height=2412, fps=90.0, vsync=90.0, synthetic=false, alternativeRefreshRates=[60.0, 120.00001], supportedHdrTypes=[2, 3, 4]}], colorMode 0, supportedColorModes [0, 7, 9], hdrCapabilities HdrCapabilities{mSupportedHdrTypes=[2, 3, 4], mMaxLuminance=500.0, mMaxAverageLuminance=500.0, mMinLuminance=0.0}, allmSupported false, gameContentTypeSupported false, density 480, 391.885 x 395.256 dpi, appVsyncOff 1099999, presDeadline 13300000, cutout DisplayCutout{insets=Rect(0, 120 - 0, 0) waterfall=Insets{left=0, top=0, right=0, bottom=0} boundingRect={Bounds=[Rect(0, 0 - 0, 0), Rect(502, 0 - 578, 120), Rect(0, 0 - 0, 0), Rect(0, 0 - 0, 0)]} cutoutPathParserInfo={CutoutPathParserInfo{displayWidth=1080 displayHeight=2412 physicalDisplayWidth=1080 physicalDisplayHeight=2412 density={3.0} cutoutSpec={M -38,0 L -38,120 L 38,120 L 38,0 Z} rotation={0} scale={1.0} physicalPixelDisplaySizeRatio={1.0}}} sideOverrides={}}, touch INTERNAL, rotation 0, type INTERNAL, address {port=0, model=0x40368bd6e7ee6c}, deviceProductInfo DeviceProductInfo{name=MTKDEV, manufacturerPnpId=MTK, productId=35638, modelYear=null, manufactureDate=ManufactureDate{week=42, year=2021}, connectionToSinkType=0}, state OFF, committedState ON, frameRateOverride , brightnessMinimum 0.0, brightnessMaximum 1.0, brightnessDefault 2133.7505, hdrSdrRatio 1.0, backlightType 0, roundedCorners RoundedCorners{[RoundedCorner{position=TopLeft, radius=113, center=Point(113, 113)}, RoundedCorner{position=TopRight, radius=113, center=Point(967, 113)}, RoundedCorner{position=BottomRight, radius=113, center=Point(967, 2299)}, RoundedCorner{position=BottomLeft, radius=113, center=Point(113, 2299)}]}, FLAG_ALLOWED_TO_BE_DEFAULT_DISPLAY, FLAG_ROTATES_WITH_CONTENT, FLAG_SECURE, FLAG_SUPPORTS_PROTECTED_BUFFERS, FLAG_TRUSTED, installOrientation 0, displayShape DisplayShape{ spec=1406003047 displayWidth=1080 displayHeight=2412 physicalPixelDisplaySizeRatio=1.0 rotation=0 offsetX=0 offsetY=0 scale=1.0}}
06-16 16:09:57.539  2028  2082 I DisplayDeviceRepository: Display device changed state: "Built-in Screen", OFF
06-16 16:09:57.539  2028  2082 D LogicalDisplayMapper: Display device changed: DisplayDeviceInfo{"Built-in Screen": uniqueId="local:4627039422300187648", 1080 x 2412, modeId 2, renderFrameRate 120.00001, defaultModeId 1, userPreferredModeId 1, supportedModes [{id=1, width=1080, height=2412, fps=60.0, vsync=60.0, synthetic=false, alternativeRefreshRates=[90.0, 120.00001], supportedHdrTypes=[2, 3, 4]}, {id=2, width=1080, height=2412, fps=120.00001, vsync=120.00001, synthetic=false, alternativeRefreshRates=[60.0, 90.0], supportedHdrTypes=[2, 3, 4]}, {id=3, width=1080, height=2412, fps=90.0, vsync=90.0, synthetic=false, alternativeRefreshRates=[60.0, 120.00001], supportedHdrTypes=[2, 3, 4]}], colorMode 0, supportedColorModes [0, 7, 9], hdrCapabilities HdrCapabilities{mSupportedHdrTypes=[2, 3, 4], mMaxLuminance=500.0, mMaxAverageLuminance=500.0, mMinLuminance=0.0}, allmSupported false, gameContentTypeSupported false, density 480, 391.885 x 395.256 dpi, appVsyncOff 1099999, presDeadline 13300000, cutout DisplayCutout{insets=Rect(0, 120 - 0, 0) waterfall=Insets{left=0, top=0, right=0, bottom=0} boundingRect={Bounds=[Rect(0, 0 - 0, 0), Rect(502, 0 - 578, 120), Rect(0, 0 - 0, 0), Rect(0, 0 - 0, 0)]} cutoutPathParserInfo={CutoutPathParserInfo{displayWidth=1080 displayHeight=2412 physicalDisplayWidth=1080 physicalDisplayHeight=2412 density={3.0} cutoutSpec={M -38,0 L -38,120 L 38,120 L 38,0 Z} rotation={0} scale={1.0} physicalPixelDisplaySizeRatio={1.0}}} sideOverrides={}}, touch INTERNAL, rotation 0, type INTERNAL, address {port=0, model=0x40368bd6e7ee6c}, deviceProductInfo DeviceProductInfo{name=MTKDEV, manufacturerPnpId=MTK, productId=35638, modelYear=null, manufactureDate=ManufactureDate{week=42, year=2021}, connectionToSinkType=0}, state OFF, committedState ON, frameRateOverride , brightnessMinimum 0.0, brightnessMaximum 1.0, brightnessDefault 2133.7505, hdrSdrRatio 1.0, backlightType 0, roundedCorners RoundedCorners{[RoundedCorner{position=TopLeft, radius=113, center=Point(113, 113)}, RoundedCorner{position=TopRight, radius=113, center=Point(967, 113)}, RoundedCorner{position=BottomRight, radius=113, center=Point(967, 2299)}, RoundedCorner{position=BottomLeft, radius=113, center=Point(113, 2299)}]}, FLAG_ALLOWED_TO_BE_DEFAULT_DISPLAY, FLAG_ROTATES_WITH_CONTENT, FLAG_SECURE, FLAG_SUPPORTS_PROTECTED_BUFFERS, FLAG_TRUSTED, installOrientation 0, displayShape DisplayShape{ spec=1406003047 displayWidth=1080 displayHeight=2412 physicalPixelDisplaySizeRatio=1.0 rotation=0 offsetX=0 offsetY=0 scale=1.0}} diff=2
06-16 16:09:57.540  2028  2082 D LogicalDisplayExt: set displayInfo flag FLAG_ROTATES_WITH_CONTENT
06-16 16:09:57.540  2028  2391 V BiometricSchedulerOperation: started: {[134] com.android.server.biometrics.sensors.fingerprint.aidl.FingerprintAuthenticationClient, proto=3, owner=com.android.systemui, cookie=0, requestId=74, userId=0}, State: 2
06-16 16:09:57.541  2028  2082 D DisplayManagerServiceExtImpl: scheduleTraversalLocked intraversal=false
06-16 16:09:57.541  2028  2082 I DisplayManagerServiceExtImpl: handle logical display changed logicalDisplay=id=0,stack=0,content=true,displayInfo{stack=0,type=1,id=0,uId=local:4627039422300187648,state=OFF,pkg=null}
06-16 16:09:57.541  2028  2120 D BrightnessThermalClamper: Thermal status observer already started
06-16 16:09:57.541  2028  2120 D BrightnessPowerClamper: Power throttling data is missing for configuration data.
06-16 16:09:57.541  2028  3037 I WindowManager: Window{dccd407 u0 (1-1)-Window{69a2778 alpha=1.0 fl=}} state from HAS_DRAWN to NO_SURFACE; reason: destroySurface
06-16 16:09:57.542  2028  3037 I WindowManager: Window{69feb1c u0 com.android.launcher/com.android.launcher.Launcher} state from HAS_DRAWN to NO_SURFACE; reason: destroySurface
06-16 16:09:57.543  2028  2841 D OplusCustomizeSettingsManagerService: isProtectEyesOn result = false
06-16 16:09:57.544  2028  3037 D ActivityTaskManager: Clearing startingData for activity=ActivityRecord{21510cf u0 com.android.launcher/.Launcher t5} mStartingData=null mStartingSurface=null
06-16 16:09:57.545  2578  2578 W VRI[NotificationShade]: updateBlastSurfaceIfNeeded, surfaceSize:Point(1080, 2412), lastSurfaceSize:Point(1080, 2412), format:-3, blastBufferQueue:android.graphics.BLASTBufferQueue@1ba615d
06-16 16:09:57.545  2028  3032 D PowerManagerService: userActivityNoUpdateLocked: groupId=0, eventTime=14984015, event=other, flags=0x0, uid=10207
06-16 16:09:57.557   693  5118 I keystore2: system/security/keystore2/src/super_key.rs:976 - UnlockedDeviceRequired super keys for user 0 are biometric-encrypted.
06-16 16:09:57.557   693   730 I keystore2: system/security/keystore2/src/database.rs:1186 - First database operation finished
06-16 16:09:57.560  2028  2497 D OAppNetControlService: Hans update:[10391=false][0|0] blackList:[10588, 10339, 10337, 10373, 10298, 10509, 10514, 10376, 10397, 10354, 10382, 10484, 10486, 10357, 10377]
06-16 16:09:57.562  2028  3039 D WindowManagerServiceExtImpl: extractConfigInfoAndRealFlags rotation=0, screenDp=360, residentWS:0, scenario:0, bounds:2412, serverWinBounds:Rect(0, 0 - 1080, 2412), win=Window{73b20c3 u0 OnScreenFingerprintDimLayer}
06-16 16:09:57.563  2028  3039 V WindowManager: Relayout Window{73b20c3 u0 OnScreenFingerprintDimLayer}: viewVisibility=0, oldvis=8, req=1080x2412, vsysui=LAYOUT_STABLE LAYOUT_HIDE_NAVIGATION
06-16 16:09:57.563  2028  3039 I WindowManager: Window{73b20c3 u0 OnScreenFingerprintDimLayer} state from NO_SURFACE to DRAW_PENDING; reason: resetDrawState
06-16 16:09:57.565  2028  3039 D DisplayManagerService: performTraversalInternal pendingTraversal
06-16 16:09:57.565  2028  3039 D DisplayDevice: setLayerStackLocked id=local:4627039422300187648 token=android.os.BinderProxy@f554ff stack=0->-1
06-16 16:09:57.565  2028  3039 I DisplayDevice: [0] Layerstack set to -1 for local:4627039422300187648
06-16 16:09:57.565  2028  3039 D WindowManager: NFW_findFocusedWindowIfNeeded:null mCurrentFocus:null
06-16 16:09:57.565  2028  2841 D WindowManagerServiceExtImpl: extractConfigInfoAndRealFlags rotation=0, screenDp=360, residentWS:0, scenario:0, bounds:2412, serverWinBounds:Rect(0, 0 - 1080, 2412), win=Window{adfce99 u0 NotificationShade}
06-16 16:09:57.566  2028  2841 V WindowManager: Relayout Window{adfce99 u0 NotificationShade}: viewVisibility=0, oldvis=0, req=1080x2412, vsysui=, x=0, y=0
06-16 16:09:57.566  2028  2841 D DisplayManagerService: performTraversalInternal pendingTraversal
06-16 16:09:57.566  2028  2841 D DisplayDevice: setLayerStackLocked id=local:4627039422300187648 token=android.os.BinderProxy@f554ff stack=-1->-1
06-16 16:09:57.567  2028  2841 D WindowManager: NFW_findFocusedWindowIfNeeded:Window{adfce99 u0 NotificationShade} mCurrentFocus:null
06-16 16:09:57.567  2028  2841 V WindowManager: Changing focus from null to Window{adfce99 u0 NotificationShade},diplayid=0
06-16 16:09:57.567  2028  2431 E UAH-Framework: invalid window type -1, return
06-16 16:09:57.568  2028  2841 D WindowManager: setFrameRateStart invalid typeId return!
06-16 16:09:57.569  2028  2841 D WindowManager: setFrameRateStart invalid typeId return!
06-16 16:09:57.570  2028  2841 D WindowManager: BarWindow--setVisible: id=2, oldState=0, state=2, mFocuseWindow= Window{adfce99 u0 NotificationShade} call: 
06-16 16:09:57.577  2028  2841 D DisplayManagerService: performTraversalInternal pendingTraversal
06-16 16:09:57.577  2028  2841 D DisplayDevice: setLayerStackLocked id=local:4627039422300187648 token=android.os.BinderProxy@f554ff stack=-1->-1
06-16 16:09:57.579  2028  2841 D DisplayManagerService: performTraversalInternal pendingTraversal
06-16 16:09:57.579  2028  2841 D DisplayDevice: setLayerStackLocked id=local:4627039422300187648 token=android.os.BinderProxy@f554ff stack=-1->-1
06-16 16:09:57.579  2578  3527 W VRI[OnScreenFingerprintDimLayer]: updateBlastSurfaceIfNeeded, surfaceSize:Point(1080, 2412), lastSurfaceSize:Point(1080, 2412), format:-2, blastBufferQueue:null
06-16 16:09:57.580  2028  2082 D DisplayManagerService: Delivering display event: displayId=0, event=CHANGED
06-16 16:09:57.583  2495  2495 D CastManagerService: onDisplayChanged.
06-16 16:09:57.587  2028  3035 I WindowManager: Window{73b20c3 u0 OnScreenFingerprintDimLayer} state from DRAW_PENDING to COMMIT_DRAW_PENDING; reason: finishDrawingLocked
06-16 16:09:57.588  2578  2578 W VRI[NotificationShade]: updateBlastSurfaceIfNeeded, surfaceSize:Point(1080, 2412), lastSurfaceSize:Point(1080, 2412), format:-3, blastBufferQueue:android.graphics.BLASTBufferQueue@1ba615d
06-16 16:09:57.588  2028  3035 D WindowManagerServiceExtImpl: extractConfigInfoAndRealFlags rotation=0, screenDp=360, residentWS:0, scenario:0, bounds:2412, serverWinBounds:Rect(0, 0 - 1080, 2412), win=Window{adfce99 u0 NotificationShade}
06-16 16:09:57.588  2028  3035 V WindowManager: Relayout Window{adfce99 u0 NotificationShade}: viewVisibility=0, oldvis=0, req=1080x2412, vsysui=, x=0, y=0
06-16 16:09:57.589  2028  3035 I WindowManager: Window{73b20c3 u0 OnScreenFingerprintDimLayer} state from COMMIT_DRAW_PENDING to READY_TO_SHOW; reason: commitFinishDrawingLocked
06-16 16:09:57.589  2028  3035 I WindowManager: Window{73b20c3 u0 OnScreenFingerprintDimLayer} state from READY_TO_SHOW to HAS_DRAWN; reason: performShowLocked
06-16 16:09:57.589  2028  3035 D DisplayManagerService: performTraversalInternal pendingTraversal
06-16 16:09:57.589  2028  3035 D DisplayDevice: setLayerStackLocked id=local:4627039422300187648 token=android.os.BinderProxy@f554ff stack=-1->-1
06-16 16:09:57.593  2578  2578 W VRI[StatusBar]: handleResized abandoned!
06-16 16:09:57.593  2578  2578 W VRI[NotificationShade]: handleResized abandoned!
06-16 16:09:57.593  2578  3527 W VRI[OnScreenFingerprintDimLayer]: handleResized, msg:, frameChanged:false, configChanged:false, displayChanged:false, attachedFrameChanged:false, compatScaleChanged:false, pendingDragResizing=false
06-16 16:09:57.598  2028  2082 D DisplayManagerService: MSG_REQUEST_TRAVERSAL pendingCompleted=false
06-16 16:09:57.599  2028  3165 W UserManagerService: Requested status bar icon for non-badged user 0
06-16 16:09:57.601  2028  2269 D CompatChangeReporter: Compat change id reported: 151861875; UID 10535; state: ENABLED
06-16 16:09:57.606  2028  2497 D OAppNetControlService: Hans update:[10382=false][0|0] blackList:[10588, 10339, 10337, 10373, 10298, 10509, 10514, 10376, 10397, 10354, 10484, 10486, 10357, 10377]
06-16 16:09:57.606  2028  2497 D OAppNetControlService: Hans update:[10376=false][0|0] blackList:[10588, 10339, 10337, 10373, 10298, 10509, 10514, 10397, 10354, 10484, 10486, 10357, 10377]
06-16 16:09:57.624  2028  2080 D OplusVFXScreenEffectFeature: notifySFCompatWindowStateChange entered false
06-16 16:09:57.629  2028  3032 D DeviceStateProviderImpl: keyguard show or sleep: true mLastReportedState 0
06-16 16:09:57.629  2028  3032 V FlexibleTaskController: notifyKeyguardStateChanged keyguardShowing = true ; displayId = 0
06-16 16:09:57.631  2028  2082 V UsbDeviceManager: onKeyguardStateChanged: isShowing:true secure:true user:0
06-16 16:09:57.631   606   606 D vold    : Cannot find key for 0
06-16 16:09:57.631   606   606 D vold    : Cannot find key for 0
06-16 16:09:57.631   606   606 I vold    : evict_sensitive_key: 1,sensitiveType=0
06-16 16:09:57.631   606   606 I vold    : evict_sensitive_key: 1
06-16 16:09:57.632   606   606 D vold    : Cannot find key for 0
06-16 16:09:57.632   606   606 D vold    : Cannot find key for 0
06-16 16:09:57.632   606   606 I vold    : evict_sensitive_key: 1,sensitiveType=1
06-16 16:09:57.632   606   606 I vold    : evict_sensitive_key: 1
06-16 16:09:57.632  2028  2082 E OplusStorageManagerFeature: clear Ae Be key
06-16 16:09:57.675  2028  3165 D SystemServerTiming: getUserSwitchability-0
06-16 16:09:57.675  2028  3165 D SystemServerTiming: TM.isInCall
06-16 16:09:57.676  2028  3165 D SystemServerTiming: hasUserRestriction-DISALLOW_USER_SWITCH
06-16 16:09:57.676  2028  3165 D SystemServerTiming: getInt-ALLOW_USER_SWITCHING_WHEN_SYSTEM_USER_LOCKED
06-16 16:09:57.676  2028  3165 D SystemServerTiming: isUserUnlocked-USER_SYSTEM
06-16 16:09:57.676  2028  2097 I ActivityManager: Start proc 767:com.linkedin.android/u0a535 for service {com.linkedin.android/androidx.work.impl.background.systemjob.SystemJobService}
06-16 16:09:57.677  2028  2082 D OplusAccessControlManagerService: onKeyguardStateChanged : true
06-16 16:09:57.696  2028  2028 W Looper  : Slow dispatch took 116ms main h=android.os.Handler c=android.hardware.display.DisplayManagerGlobal$DisplayListenerDelegate$$ExternalSyntheticLambda0@451b2a8 m=0
06-16 16:09:57.697  2028  2497 D OAppNetControlService: Screens off!
06-16 16:09:57.740  2028  2097 I ActivityManager: Start proc 783:com.divum.MoneyControl/u0a353 for service {com.divum.MoneyControl/androidx.work.impl.background.systemjob.SystemJobService}
06-16 16:09:57.740  2028  2269 W JobServiceContext: Sending onNetworkChanged for a job that isn't started. JobStatus{23e0665 #u0a382/7931 com.goibibo/androidx.work.impl.background.systemjob.SystemJobService u=0 s=10382 TIME=-17s1ms:none NET READY}
06-16 16:09:57.747  2028  2841 D ActivityTaskManagerServiceExtImpl: preBindApplication record is null
06-16 16:09:57.748  2028  3035 W SettingsProvider: You shouldn't keep your settings in the secure settings. This will soon become an error!!!
06-16 16:09:57.748  2028  2283 D OplusScreenOffGestureManager: mIsWriteNodeFinished = true
06-16 16:09:57.757  2028  2269 W JobServiceContext: Sending onNetworkChanged for a job that isn't started. JobStatus{65cd842 #u0a535/-2147483134 com.linkedin.android/androidx.work.impl.background.systemjob.SystemJobService u=0 s=10535 TIME=-15s965ms:none NET READY}
06-16 16:09:57.757  2028  2269 W JobServiceContext: Sending onNetworkChanged for a job that isn't started. JobStatus{18528 #u0a535/-2147483145 com.linkedin.android/androidx.work.impl.background.systemjob.SystemJobService u=0 s=10535 TIME=-16s395ms:none NET READY}
06-16 16:09:57.761  2028  2283 D OplusScreenOffGestureManager: mIsWriteNodeFinished = false
06-16 16:09:57.766   693   730 I keystore2: system/security/keystore2/src/database.rs:1186 - First database operation finished
06-16 16:09:57.783  2028  2443 D DisplayAdapterExt: sendDisplayDeviceEventLocked event=2,now=23491194,timestamp=23491194 device:[id=local:4627039422300187648,stack=-1],isFirst=true,activeMode=2,state=OFF,commitState=OFF,devInfo:null
06-16 16:09:57.783  2028  2443 D AidlDisplayPanelFeature: getDisplayPanelFeatureValue +++, featureID:20
06-16 16:09:57.784  2028  2443 I AidlDisplayPanelFeature: [0]
06-16 16:09:57.784  2028  2443 D AidlDisplayPanelFeature: getDisplayPanelFeatureValue ---, result = [0]
06-16 16:09:57.784  2028  2443 D OplusSilentRebootManager: silence flags file value is :0
06-16 16:09:57.784  2028  2082 D DisplayDeviceRepositoryExtImpl: onDisplayDeviceEvent event=2,now=23491194,timestamp=23491194 device:[id=local:4627039422300187648,stack=-1],isFirst=true,activeMode=2,state=OFF,commitState=OFF,devInfo:null
06-16 16:09:57.785  2028  2120 D DisplayPowerState[0]: updateRunnable run fadeLevle=0.0 state=OFF brightness changed:2.0->-1.0
06-16 16:09:57.786  2028  2082 I DisplayDeviceRepositoryExtImpl: Display device changed committed state: "Built-in Screen", OFF
06-16 16:09:57.786  2028  2082 D LogicalDisplayMapper: Display device changed: DisplayDeviceInfo{"Built-in Screen": uniqueId="local:4627039422300187648", 1080 x 2412, modeId 2, renderFrameRate 120.00001, defaultModeId 1, userPreferredModeId 1, supportedModes [{id=1, width=1080, height=2412, fps=60.0, vsync=60.0, synthetic=false, alternativeRefreshRates=[90.0, 120.00001], supportedHdrTypes=[2, 3, 4]}, {id=2, width=1080, height=2412, fps=120.00001, vsync=120.00001, synthetic=false, alternativeRefreshRates=[60.0, 90.0], supportedHdrTypes=[2, 3, 4]}, {id=3, width=1080, height=2412, fps=90.0, vsync=90.0, synthetic=false, alternativeRefreshRates=[60.0, 120.00001], supportedHdrTypes=[2, 3, 4]}], colorMode 0, supportedColorModes [0, 7, 9], hdrCapabilities HdrCapabilities{mSupportedHdrTypes=[2, 3, 4], mMaxLuminance=500.0, mMaxAverageLuminance=500.0, mMinLuminance=0.0}, allmSupported false, gameContentTypeSupported false, density 480, 391.885 x 395.256 dpi, appVsyncOff 1099999, presDeadline 13300000, cutout DisplayCutout{insets=Rect(0, 120 - 0, 0) waterfall=Insets{left=0, top=0, right=0, bottom=0} boundingRect={Bounds=[Rect(0, 0 - 0, 0), Rect(502, 0 - 578, 120), Rect(0, 0 - 0, 0), Rect(0, 0 - 0, 0)]} cutoutPathParserInfo={CutoutPathParserInfo{displayWidth=1080 displayHeight=2412 physicalDisplayWidth=1080 physicalDisplayHeight=2412 density={3.0} cutoutSpec={M -38,0 L -38,120 L 38,120 L 38,0 Z} rotation={0} scale={1.0} physicalPixelDisplaySizeRatio={1.0}}} sideOverrides={}}, touch INTERNAL, rotation 0, type INTERNAL, address {port=0, model=0x40368bd6e7ee6c}, deviceProductInfo DeviceProductInfo{name=MTKDEV, manufacturerPnpId=MTK, productId=35638, modelYear=null, manufactureDate=ManufactureDate{week=42, year=2021}, connectionToSinkType=0}, state OFF, committedState OFF, frameRateOverride , brightnessMinimum 0.0, brightnessMaximum 1.0, brightnessDefault 2133.7505, hdrSdrRatio 1.0, backlightType 0, roundedCorners RoundedCorners{[RoundedCorner{position=TopLeft, radius=113, center=Point(113, 113)}, RoundedCorner{position=TopRight, radius=113, center=Point(967, 113)}, RoundedCorner{position=BottomRight, radius=113, center=Point(967, 2299)}, RoundedCorner{position=BottomLeft, radius=113, center=Point(113, 2299)}]}, FLAG_ALLOWED_TO_BE_DEFAULT_DISPLAY, FLAG_ROTATES_WITH_CONTENT, FLAG_SECURE, FLAG_SUPPORTS_PROTECTED_BUFFERS, FLAG_TRUSTED, installOrientation 0, displayShape DisplayShape{ spec=1406003047 displayWidth=1080 displayHeight=2412 physicalPixelDisplaySizeRatio=1.0 rotation=0 offsetX=0 offsetY=0 scale=1.0}} diff=4
06-16 16:09:57.786  2028  2082 D LogicalDisplayExt: set displayInfo flag FLAG_ROTATES_WITH_CONTENT
06-16 16:09:57.787  2028  3035 D ActivityTaskManagerServiceExtImpl: preBindApplication record is null
06-16 16:09:57.795  2028  2082 D DisplayManagerServiceExtImpl: scheduleTraversalLocked intraversal=false
06-16 16:09:57.796  2028  2082 I DisplayManagerServiceExtImpl: handle logical display changed logicalDisplay=id=0,stack=0,content=true,displayInfo{stack=0,type=1,id=0,uId=local:4627039422300187648,state=OFF,pkg=null}
06-16 16:09:57.796  2028  2082 D DisplayManagerService: Delivering display event: displayId=0, event=CHANGED
06-16 16:09:57.799  2028  2080 D OplusVFXScreenEffectFeature: notifySFCompatWindowStateChange entered false
06-16 16:09:57.799  2028  2080 D DisplayManagerService: performTraversalInternal pendingTraversal
06-16 16:09:57.799  2028  2080 D DisplayDevice: setLayerStackLocked id=local:4627039422300187648 token=android.os.BinderProxy@f554ff stack=-1->-1
06-16 16:09:57.802  2028  2120 D BrightnessThermalClamper: Thermal status observer already started
06-16 16:09:57.802  2028  2120 D BrightnessPowerClamper: Power throttling data is missing for configuration data.
06-16 16:09:57.803  2028  2269 W JobServiceContext: Sending onNetworkChanged for a job that isn't started. JobStatus{a4cf11b #u0a353/39173 com.divum.MoneyControl/androidx.work.impl.background.systemjob.SystemJobService u=0 s=10353 TIME=-16s842ms:none NET READY}
06-16 16:09:57.803  2028  2120 I DreamManagerService: Entering dreamland.
06-16 16:09:57.803  2028  2269 W JobServiceContext: Sending onNetworkChanged for a job that isn't started. JobStatus{4a98f2a #u0a353/39171 com.divum.MoneyControl/androidx.work.impl.background.systemjob.SystemJobService u=0 s=10353 TIME=-16s929ms:none NET READY}
06-16 16:09:57.803  2028  2269 W JobServiceContext: Sending onNetworkChanged for a job that isn't started. JobStatus{caa264 #u0a353/38945 com.divum.MoneyControl/androidx.work.impl.background.systemjob.SystemJobService u=0 s=10353 TIME=-16s837ms:none NET READY}
06-16 16:09:57.804  2028  2120 I PowerManagerService: Dozing...
06-16 16:09:57.805  2028  2082 D DisplayManagerService: MSG_REQUEST_TRAVERSAL pendingCompleted=false
06-16 16:09:57.817  2028  2028 D OplusFlexibleWindowMinimizedManagerHelper: onReceive, intent = android.intent.action.CLOSE_SYSTEM_DIALOGS reason:dream state:0
06-16 16:09:57.810  2495  2495 D CastManagerService: onDisplayChanged.
06-16 16:09:57.823  2028  2079 I DreamController: Starting dream: name=ComponentInfo{com.android.systemui/com.android.systemui.doze.DozeService}, isPreviewMode=false, canDoze=true, userId=0, reason='power manager request'
06-16 16:09:57.850  2028  2312 W OplusStorageManagerFeature: mScreenReceiver action:android.intent.action.DREAMING_STARTED
06-16 16:09:57.851  2028  2312 W OplusStorageManagerFeature: turn screenOff, maintPrepared:false
06-16 16:09:57.851  2028  2312 W OplusStorageManagerFeature: sendToTarget over,paramStr:5
06-16 16:09:57.852  2028  2312 W OplusStorageManagerFeature: Ready to deal actionParam:5
06-16 16:09:57.854   606   809 D vold    : ufshid started
06-16 16:09:57.854  2028  3160 D OplusFeatureAOD: key:2028 tmp:2
06-16 16:09:57.854  2028  3160 D DisplayPowerController[0]: requestPowerState: policy=DOZE, useProximitySensor=false, screenBrightnessOverride=-1.0, useAutoBrightness=false, screenAutoBrightnessAdjustmentOverride=NaN, screenLowPowerBrightnessFactor=1.0, blockScreenOn=false, lowPowerMode=false, boostScreenBrightness=false, dozeScreenBrightness=NaN, dozeScreenState=UNKNOWN, dozeScreenStateReason=DREAM_MANAGER, waitForNegativeProximity=false displayReady=false pendingRequest=true
06-16 16:09:57.854  2028  3160 D DisplayManagerServiceExtImpl: request size(1,1),dpc=com.android.server.display.DisplayPowerController@107fbf8 size(0,1),flags=0X200F,id(0,0,local:4627039422300187648),enable=true,ready=false,waitForNegativeProximity=false policy=DOZE,useProximitySensor=false,dozeState=UNKNOWN,screenBrightnessOverride=-1.000000,useAuto=false,lowPower=false,lowPowerFactor=1.000000
06-16 16:09:57.856   606   809 D vold    : ufshid end
06-16 16:09:57.856  2028  3035 D OplusFeatureAOD: key:2028 tmp:0
06-16 16:09:57.857  2028  3035 D DisplayPowerController[0]: requestPowerState: policy=DOZE, useProximitySensor=false, screenBrightnessOverride=-1.0, useAutoBrightness=false, screenAutoBrightnessAdjustmentOverride=NaN, screenLowPowerBrightnessFactor=1.0, blockScreenOn=false, lowPowerMode=false, boostScreenBrightness=false, dozeScreenBrightness=NaN, dozeScreenState=OFF, dozeScreenStateReason=UNKNOWN, waitForNegativeProximity=false displayReady=false pendingRequest=true
06-16 16:09:57.857  2028  3035 D DisplayManagerServiceExtImpl: request size(1,1),dpc=com.android.server.display.DisplayPowerController@107fbf8 size(0,1),flags=0X200F,id(0,0,local:4627039422300187648),enable=true,ready=false,waitForNegativeProximity=false policy=DOZE,useProximitySensor=false,dozeState=OFF,screenBrightnessOverride=-1.000000,useAuto=false,lowPower=false,lowPowerFactor=1.000000
06-16 16:09:57.857  2028  2312 E OplusStorageManagerFeature: writeF2fsRelatedNode failed for:gc_urgent
06-16 16:09:57.857  2028  2312 E OplusStorageManagerFeature: java.io.FileNotFoundException: /sys/fs/f2fs/sdc20/gc_urgent: open failed: EACCES (Permission denied)
06-16 16:09:57.857  2028  2312 E OplusStorageManagerFeature: 	at libcore.io.IoBridge.open(IoBridge.java:574)
06-16 16:09:57.857  2028  2312 E OplusStorageManagerFeature: 	at java.io.FileOutputStream.<init>(FileOutputStream.java:259)
06-16 16:09:57.857  2028  2312 E OplusStorageManagerFeature: 	at java.io.FileOutputStream.<init>(FileOutputStream.java:147)
06-16 16:09:57.857  2028  2312 E OplusStorageManagerFeature: 	at java.io.FileWriter.<init>(FileWriter.java:66)
06-16 16:09:57.857  2028  2312 E OplusStorageManagerFeature: 	at com.android.server.storage.OplusStorageManagerFeature.writeF2fsRelatedNode(OplusStorageManagerFeature.java:1166)
06-16 16:09:57.857  2028  2312 E OplusStorageManagerFeature: 	at com.android.server.storage.OplusStorageManagerFeature.onMessageDPolicyExpect(OplusStorageManagerFeature.java:1962)
06-16 16:09:57.857  2028  2312 E OplusStorageManagerFeature: 	at com.android.server.storage.OplusStorageManagerFeature.onStorageManagerMessageHandle(OplusStorageManagerFeature.java:1522)
06-16 16:09:57.857  2028  2312 E OplusStorageManagerFeature: 	at com.android.server.StorageManagerService$StorageManagerServiceHandler.handleMessage(StorageManagerService.java:793)
06-16 16:09:57.857  2028  2312 E OplusStorageManagerFeature: 	at android.os.Handler.dispatchMessage(Handler.java:112)
06-16 16:09:57.857  2028  2312 E OplusStorageManagerFeature: 	at android.os.Looper.loopOnce(Looper.java:288)
06-16 16:09:57.857  2028  2312 E OplusStorageManagerFeature: 	at android.os.Looper.loop(Looper.java:393)
06-16 16:09:57.857  2028  2312 E OplusStorageManagerFeature: 	at android.os.HandlerThread.run(HandlerThread.java:85)
06-16 16:09:57.857  2028  2312 E OplusStorageManagerFeature: Caused by: android.system.ErrnoException: open failed: EACCES (Permission denied)
06-16 16:09:57.857  2028  2312 E OplusStorageManagerFeature: 	at libcore.io.Linux.open(Native Method)
06-16 16:09:57.857  2028  2312 E OplusStorageManagerFeature: 	at libcore.io.ForwardingOs.open(ForwardingOs.java:563)
06-16 16:09:57.857  2028  2312 E OplusStorageManagerFeature: 	at libcore.io.BlockGuardOs.open(BlockGuardOs.java:274)
06-16 16:09:57.857  2028  2312 E OplusStorageManagerFeature: 	at libcore.io.IoBridge.open(IoBridge.java:560)
06-16 16:09:57.857  2028  2312 E OplusStorageManagerFeature: 	... 11 more
06-16 16:09:57.859  2028  2120 D DisplayPowerController[0]: updatePowerStateInternal policy:OFF->DOZE,state:OFF->OFF policy=DOZE, useProximitySensor=false, screenBrightnessOverride=-1.0, useAutoBrightness=false, screenAutoBrightnessAdjustmentOverride=NaN, screenLowPowerBrightnessFactor=1.0, blockScreenOn=false, lowPowerMode=false, boostScreenBrightness=false, dozeScreenBrightness=NaN, dozeScreenState=OFF, dozeScreenStateReason=UNKNOWN
06-16 16:09:57.859  2028  2120 D OplusPowerManagerHelper: [onGoToSleep]
06-16 16:09:57.859  2028  2120 E OplusCustomizeRestrictionManagerService: isBiometricDisabled start
06-16 16:09:57.859  2028  2120 D OplusFeatureAOD: notifySfUnBlockScreenOn
06-16 16:09:57.864  2028  2121 D NotifierExtImpl: notifyScreenOnOff: on = false
06-16 16:09:57.864  2028  2121 D OplusPowerManagerServiceEnhance: notifyScreenOnOff on=false
06-16 16:09:57.865  2028  3160 D DeviceStateProviderImpl: keyguard show or sleep: true mLastReportedState 0
06-16 16:09:57.867  2028  2082 V UsbDeviceManager: onKeyguardStateChanged: isShowing:true secure:true user:0
06-16 16:09:57.867  2028  2082 D OplusAccessControlManagerService: onKeyguardStateChanged : true
06-16 16:09:57.868  2028  3035 D OplusBatteryServiceFeature: setSmartCoolDown: coolDown = 0, normalCoolDown = 0, pkgName = com.android.launcher
06-16 16:09:57.875  2028  3160 D VRR [OPlusRefreshRateService]:  setFrameRateTargetControl [ 0.0 , com.android.launcher , false , com.oplus.battery ]
06-16 16:09:57.875  2028  3160 D VRR [OPlusExternalRefreshRateManager]:  [FRTC] FrameRate : 0 com.android.launcher false com.oplus.battery 0 1000
06-16 16:09:57.884  2028  3160 D WindowManagerServiceExtImpl: extractConfigInfoAndRealFlags rotation=0, screenDp=360, residentWS:0, scenario:0, bounds:2412, serverWinBounds:Rect(0, 0 - 1080, 2412), win=Window{adfce99 u0 NotificationShade}
06-16 16:09:57.884  2578  2578 W VRI[NotificationShade]: updateBlastSurfaceIfNeeded, surfaceSize:Point(1080, 2412), lastSurfaceSize:Point(1080, 2412), format:-3, blastBufferQueue:android.graphics.BLASTBufferQueue@1ba615d
06-16 16:09:57.885  2028  3160 V WindowManager: Relayout Window{adfce99 u0 NotificationShade}: viewVisibility=0, oldvis=0, req=1080x2412, vsysui=, x=0, y=0
06-16 16:09:57.898  2028  2028 D OplusCustomizeAIStatistics: onReceive android.intent.action.SCREEN_OFF
06-16 16:09:57.907  2028  2028 E ScreenIntentReceiver: notifyChange failed
06-16 16:09:57.913  2028  2092 I PowerManagerService: onFlip(): Face up.
06-16 16:09:57.913  2028  2092 D PowerManagerService: onFlip: isFaceDown=false
06-16 16:09:57.913  2028  2092 D PowerManagerService: userActivityNoUpdateLocked: groupId=0, eventTime=14984384, event=other, flags=0x0, uid=1000
06-16 16:09:57.928  2028  2121 D OplusAlarmAdjustment: MSG_SCREEN_OFF,  adjustInterval =300000 ms, mDefaultAlignInterval=300000 ms, mScreenOffElapsed=23491340 ms
06-16 16:09:57.936  2028  2437 D OplusBatteryManager: getPsyBatteryRm: 2661
06-16 16:09:57.937  2028  2437 D OplusBatteryManager: getPsyBatteryRm: 2661
06-16 16:09:57.947  2028  3035 W PackageManager: package com.csam.icici.bank.imobile uid 10376 pid 27761 call SetEnabledSetting(com.csam.icici.bank.imobile component = androidx.work.impl.background.systemalarm.RescheduleReceiver, 1, 0)
06-16 16:09:57.962  2028  3165 D CompatChangeReporter: Compat change id reported: 253665015; UID 10382; state: ENABLED
06-16 16:09:57.975   767   767 D ResourcesManagerExtImpl: applyConfigurationToAppResourcesLocked app.getDisplayId() return callback.displayId:-1
06-16 16:09:57.975  2028  3160 W AlarmManager: Alarms must either supply a PendingIntent or an AlarmReceiver
06-16 16:09:57.978  2028  2122 D OplusFeatureColorMode: +updateUserDreaming
06-16 16:09:58.015   693   730 I keystore2: system/security/keystore2/src/database.rs:1239 - No superseded key blob
06-16 16:09:58.021  2028  2122 D OplusDisplayBrightnessBroadcastReceiver: onReceive action = android.intent.action.SCREEN_OFF , listeners = [com.android.server.display.marvels.module.ORBrightnessMarvelsDataCollector$ScreenStateReceiver@e68d360, com.android.server.display.stat.BackLightStat$EventReceiver@f497019, com.android.server.display.color.OplusFeatureColorMode$UserSwitchedReceiver@ec288de, com.android.server.display.oplus.eyeprotect.manager.AiEyeProtectManagerController$ScreenChangedReceiverWithUpgradeUI@83c1abf]
06-16 16:09:58.069  2028  2389 I MR2ServiceImpl: Updating composite discovery preference | preference: RouteDiscoveryRequest{ preferredFeatures={}, activeScan=false }, active routers: []
06-16 16:09:58.074   783   783 D ResourcesManagerExtImpl: applyConfigurationToAppResourcesLocked app.getDisplayId() return callback.displayId:-1
06-16 16:09:58.085  2028  2269 E JobScheduler.Background: Couldn't determine stopped state for unknown package: com.oplus.onet
06-16 16:09:58.104  2028  2497 D CommSceneService: notify screen off changed state=1
06-16 16:09:58.115  2028  2312 W OplusStorageManagerFeature: mScreenReceiver action:android.intent.action.SCREEN_OFF
06-16 16:09:58.116  2028  2312 W OplusStorageManagerFeature: turn screenOff, maintPrepared:false
06-16 16:09:58.116  2028  2312 W OplusStorageManagerFeature: sendToTarget over,paramStr:5
06-16 16:09:58.118  2028  2312 W OplusStorageManagerFeature: Ready to deal actionParam:5
06-16 16:09:58.119   606   973 D vold    : ufshid started
06-16 16:09:58.119   606   973 D vold    : ufshid end
06-16 16:09:58.119  2028  2312 E OplusStorageManagerFeature: writeF2fsRelatedNode failed for:gc_urgent
06-16 16:09:58.119  2028  2312 E OplusStorageManagerFeature: java.io.FileNotFoundException: /sys/fs/f2fs/sdc20/gc_urgent: open failed: EACCES (Permission denied)
06-16 16:09:58.119  2028  2312 E OplusStorageManagerFeature: 	at libcore.io.IoBridge.open(IoBridge.java:574)
06-16 16:09:58.119  2028  2312 E OplusStorageManagerFeature: 	at java.io.FileOutputStream.<init>(FileOutputStream.java:259)
06-16 16:09:58.119  2028  2312 E OplusStorageManagerFeature: 	at java.io.FileOutputStream.<init>(FileOutputStream.java:147)
06-16 16:09:58.119  2028  2312 E OplusStorageManagerFeature: 	at java.io.FileWriter.<init>(FileWriter.java:66)
06-16 16:09:58.119  2028  2312 E OplusStorageManagerFeature: 	at com.android.server.storage.OplusStorageManagerFeature.writeF2fsRelatedNode(OplusStorageManagerFeature.java:1166)
06-16 16:09:58.119  2028  2312 E OplusStorageManagerFeature: 	at com.android.server.storage.OplusStorageManagerFeature.onMessageDPolicyExpect(OplusStorageManagerFeature.java:1962)
06-16 16:09:58.119  2028  2312 E OplusStorageManagerFeature: 	at com.android.server.storage.OplusStorageManagerFeature.onStorageManagerMessageHandle(OplusStorageManagerFeature.java:1522)
06-16 16:09:58.119  2028  2312 E OplusStorageManagerFeature: 	at com.android.server.StorageManagerService$StorageManagerServiceHandler.handleMessage(StorageManagerService.java:793)
06-16 16:09:58.119  2028  2312 E OplusStorageManagerFeature: 	at android.os.Handler.dispatchMessage(Handler.java:112)
06-16 16:09:58.119  2028  2312 E OplusStorageManagerFeature: 	at android.os.Looper.loopOnce(Looper.java:288)
06-16 16:09:58.119  2028  2312 E OplusStorageManagerFeature: 	at android.os.Looper.loop(Looper.java:393)
06-16 16:09:58.119  2028  2312 E OplusStorageManagerFeature: 	at android.os.HandlerThread.run(HandlerThread.java:85)
06-16 16:09:58.119  2028  2312 E OplusStorageManagerFeature: Caused by: android.system.ErrnoException: open failed: EACCES (Permission denied)
06-16 16:09:58.119  2028  2312 E OplusStorageManagerFeature: 	at libcore.io.Linux.open(Native Method)
06-16 16:09:58.119  2028  2312 E OplusStorageManagerFeature: 	at libcore.io.ForwardingOs.open(ForwardingOs.java:563)
06-16 16:09:58.119  2028  2312 E OplusStorageManagerFeature: 	at libcore.io.BlockGuardOs.open(BlockGuardOs.java:274)
06-16 16:09:58.119  2028  2312 E OplusStorageManagerFeature: 	at libcore.io.IoBridge.open(IoBridge.java:560)
06-16 16:09:58.119  2028  2312 E OplusStorageManagerFeature: 	... 11 more
06-16 16:09:58.343  2028  3160 W MultiApp-CMAService: Encountered calling -> target with no cached rules: 10353 -> 99910018
06-16 16:09:58.343  2028  3160 W MultiApp-CMAService: Encountered calling -> target with no cached rules: 10353 -> 99910273
06-16 16:09:58.343  2028  3160 W MultiApp-CMAService: Encountered calling -> target with no cached rules: 10353 -> 99910024
06-16 16:09:58.343  2028  3160 W MultiApp-CMAService: Encountered calling -> target with no cached rules: 10353 -> 99910187
06-16 16:09:58.343  2028  3160 W MultiApp-CMAService: Encountered calling -> target with no cached rules: 10353 -> 99910022
06-16 16:09:58.343  2028  3160 W MultiApp-CMAService: Encountered calling -> target with no cached rules: 10353 -> 99910177
06-16 16:09:58.343  2028  3160 W MultiApp-CMAService: Encountered calling -> target with no cached rules: 10353 -> 99910190
06-16 16:09:58.343  2028  3160 W MultiApp-CMAService: Encountered calling -> target with no cached rules: 10353 -> 99910008
06-16 16:09:58.343  2028  3160 W MultiApp-CMAService: Encountered calling -> target with no cached rules: 10353 -> 99910170
06-16 16:09:58.343  2028  3160 W MultiApp-CMAService: Encountered calling -> target with no cached rules: 10353 -> 99910101
06-16 16:09:58.343  2028  3160 W MultiApp-CMAService: Encountered calling -> target with no cached rules: 10353 -> 99910234
06-16 16:09:58.343  2028  3160 W MultiApp-CMAService: Encountered calling -> target with no cached rules: 10353 -> 99910272
06-16 16:09:58.343  2028  3160 W MultiApp-CMAService: Encountered calling -> target with no cached rules: 10353 -> 99910015
06-16 16:09:58.343  2028  3160 W MultiApp-CMAService: Encountered calling -> target with no cached rules: 10353 -> 99910309
06-16 16:09:58.343  2028  3160 W MultiApp-CMAService: Encountered calling -> target with no cached rules: 10353 -> 99910214
06-16 16:09:58.343  2028  3160 W MultiApp-CMAService: Encountered calling -> target with no cached rules: 10353 -> 99910180
