06-16 16:10:33.055  2028  2082 D LogicalDisplayMapper: Display device changed: DisplayDeviceInfo{"Built-in Screen": uniqueId="local:4627039422300187648", 1080 x 2412, modeId 2, renderFrameRate 120.00001, defaultModeId 1, userPreferredModeId 1, supportedModes [{id=1, width=1080, height=2412, fps=60.0, vsync=60.0, synthetic=false, alternativeRefreshRates=[90.0, 120.00001], supportedHdrTypes=[2, 3, 4]}, {id=2, width=1080, height=2412, fps=120.00001, vsync=120.00001, synthetic=false, alternativeRefreshRates=[60.0, 90.0], supportedHdrTypes=[2, 3, 4]}, {id=3, width=1080, height=2412, fps=90.0, vsync=90.0, synthetic=false, alternativeRefreshRates=[60.0, 120.00001], supportedHdrTypes=[2, 3, 4]}], colorMode 0, supportedColorModes [0, 7, 9], hdrCapabilities HdrCapabilities{mSupportedHdrTypes=[2, 3, 4], mMaxLuminance=500.0, mMaxAverageLuminance=500.0, mMinLuminance=0.0}, allmSupported false, gameContentTypeSupported false, density 480, 391.885 x 395.256 dpi, appVsyncOff 1099999, presDeadline 13300000, cutout DisplayCutout{insets=Rect(0, 120 - 0, 0) waterfall=Insets{left=0, top=0, right=0, bottom=0} boundingRect={Bounds=[Rect(0, 0 - 0, 0), Rect(502, 0 - 578, 120), Rect(0, 0 - 0, 0), Rect(0, 0 - 0, 0)]} cutoutPathParserInfo={CutoutPathParserInfo{displayWidth=1080 displayHeight=2412 physicalDisplayWidth=1080 physicalDisplayHeight=2412 density={3.0} cutoutSpec={M -38,0 L -38,120 L 38,120 L 38,0 Z} rotation={0} scale={1.0} physicalPixelDisplaySizeRatio={1.0}}} sideOverrides={}}, touch INTERNAL, rotation 0, type INTERNAL, address {port=0, model=0x40368bd6e7ee6c}, deviceProductInfo DeviceProductInfo{name=MTKDEV, manufacturerPnpId=MTK, productId=35638, modelYear=null, manufactureDate=ManufactureDate{week=42, year=2021}, connectionToSinkType=0}, state DOZE_SUSPEND, committedState DOZE_SUSPEND, frameRateOverride , brightnessMinimum 0.0, brightnessMaximum 1.0, brightnessDefault 2133.7505, hdrSdrRatio 1.0, backlightType 0, roundedCorners RoundedCorners{[RoundedCorner{position=TopLeft, radius=113, center=Point(113, 113)}, RoundedCorner{position=TopRight, radius=113, center=Point(967, 113)}, RoundedCorner{position=BottomRight, radius=113, center=Point(967, 2299)}, RoundedCorner{position=BottomLeft, radius=113, center=Point(113, 2299)}]}, FLAG_ALLOWED_TO_BE_DEFAULT_DISPLAY, FLAG_ROTATES_WITH_CONTENT, FLAG_SECURE, FLAG_SUPPORTS_PROTECTED_BUFFERS, FLAG_TRUSTED, installOrientation 0, displayShape DisplayShape{ spec=1406003047 displayWidth=1080 displayHeight=2412 physicalPixelDisplaySizeRatio=1.0 rotation=0 offsetX=0 offsetY=0 scale=1.0}} diff=4
06-16 16:10:33.055  2028  2082 D LogicalDisplayExt: set displayInfo flag FLAG_ROTATES_WITH_CONTENT
06-16 16:10:33.058  2028  2082 D DisplayManagerServiceExtImpl: scheduleTraversalLocked intraversal=false
06-16 16:10:33.058  2028  2082 I DisplayManagerServiceExtImpl: handle logical display changed logicalDisplay=id=0,stack=0,content=true,displayInfo{stack=0,type=1,id=0,uId=local:4627039422300187648,state=DOZE_SUSPEND,pkg=null}
06-16 16:10:33.058  2028  2082 D DisplayManagerService: Delivering display event: displayId=0, event=CHANGED
06-16 16:10:33.062  2028  2080 D OplusVFXScreenEffectFeature: notifySFCompatWindowStateChange entered false
06-16 16:10:33.062  2028  2120 D BrightnessThermalClamper: Thermal status observer already started
06-16 16:10:33.062  2028  2120 D BrightnessPowerClamper: Power throttling data is missing for configuration data.
06-16 16:10:33.064  2028  2080 D DisplayManagerService: performTraversalInternal pendingTraversal
06-16 16:10:33.064  2028  2080 D DisplayDevice: setLayerStackLocked id=local:4627039422300187648 token=android.os.BinderProxy@f554ff stack=0->0
06-16 16:10:33.065  2028  2082 D DisplayManagerService: MSG_REQUEST_TRAVERSAL pendingCompleted=false
06-16 16:10:33.068  2495  2495 D CastManagerService: onDisplayChanged.
06-16 16:10:33.096  2028  2298 E Orms_ManagerInner: cannot connect to orms core service!
06-16 16:10:33.098  2028  2298 D OplusPowerManagerHelper: [isFaceAutoUnlockEnabled]
06-16 16:10:33.099  2028  2298 E OplusCustomizeRestrictionManagerService: isBiometricDisabled start
06-16 16:10:33.099  2028  2298 D OplusFeatureAOD: notifySfUnBlockScreenOn
06-16 16:10:33.099  2028  2298 D OplusPowerManagerHelper: scheduleNotifyStopDream
06-16 16:10:33.099  2028  2298 D OplusPowerManagerHelper: [onWakeUp]
06-16 16:10:33.100  2028  2298 E OplusCustomizeRestrictionManagerService: isBiometricDisabled start
06-16 16:10:33.100  2028  2298 D OplusPowerManagerHelper: [requestKeyguard]
06-16 16:10:33.100  2028  2298 I PowerGroup: Waking up power group from Dozing (groupId=0, uid=1000, reason=WAKE_REASON_POWER_BUTTON, details=android.policy:POWER)...
06-16 16:10:33.100  2028  2120 D OplusPowerManagerHelper: handleMessage:102
06-16 16:10:33.100  2028  2120 D OplusPowerManagerHelper: MSG_STOP_DEAM
06-16 16:10:33.100  2028  2298 D PowerManagerService: userActivityNoUpdateLocked: groupId=0, eventTime=15019565, event=other, flags=0x0, uid=1000
06-16 16:10:33.100  2028  2120 I DreamManagerService: Leaving dreamland.
06-16 16:10:33.101  2028  2298 I PowerManagerService: Waking up from Dozing (uid=1000, reason=WAKE_REASON_POWER_BUTTON, details=android.policy:POWER)...
06-16 16:10:33.102  2028  2298 D OplusScreenOffTorchHelper: onWakeUp
06-16 16:10:33.103  2028  2298 D DisplayPowerController[0]: requestPowerState: policy=BRIGHT, useProximitySensor=false, screenBrightnessOverride=-1.0, useAutoBrightness=false, screenAutoBrightnessAdjustmentOverride=NaN, screenLowPowerBrightnessFactor=1.0, blockScreenOn=false, lowPowerMode=false, boostScreenBrightness=false, dozeScreenBrightness=NaN, dozeScreenState=UNKNOWN, dozeScreenStateReason=DEFAULT_POLICY, waitForNegativeProximity=false displayReady=false pendingRequest=true
06-16 16:10:33.103  2028  2298 D DisplayManagerServiceExtImpl: request size(1,1),dpc=com.android.server.display.DisplayPowerController@107fbf8 size(0,1),flags=0X200F,id(0,0,local:4627039422300187648),enable=true,ready=false,waitForNegativeProximity=false policy=BRIGHT,useProximitySensor=false,dozeState=UNKNOWN,screenBrightnessOverride=-1.000000,useAuto=false,lowPower=false,lowPowerFactor=1.000000
06-16 16:10:33.106  2028  2122 I OplusSmartBrightnessController: handleMessage MSG_UPDATE_BRIGHTNESS_NO_ANIMATION changed:true
06-16 16:10:33.106  2028  2122 D OplusSmartBrightnessController: setBrightnessNoAnimation false->true
06-16 16:10:33.109  2028  3165 D CoreBackPreview: Window{adfce99 u0 NotificationShade}: Setting back callback OnBackInvokedCallbackInfo{mCallback=android.window.IOnBackInvokedCallback$Stub$Proxy@148c48a, mPriority=0, mIsAnimationCallback=false}
06-16 16:10:33.111  2028  2120 D OplusFeatureAOD: key:2028 tmp:2
06-16 16:10:33.111  2028  2120 D OplusFeatureAOD: clearDozeStateMap
06-16 16:10:33.111  2028  2120 D BackLightStat: setScreenState: state changed:DOZE_SUSPEND->ON
06-16 16:10:33.111  2028  2120 D OplusDisplayState: setScreenState = true isPrimary = true
06-16 16:10:33.111  2028  2120 D OplusSmartBrightnessController: onScreenEvent isScreenOn displayId[0]=true isFolding=false policy=BRIGHT
06-16 16:10:33.111  2028  2120 D Arc[OplusBrightnessAmbientAdapter]: onScreenEvent displayId:0 isScreenOn:true isFolding:false mIsProximityPowerOff:false mIsNeedResetSpline:false
06-16 16:10:33.111  2028  2120 D Arc[OplusBrightnessPhoneStateManager]: screen on first lux event:LuxEvent{event:MAIN_LUX lux:19.0}
06-16 16:10:33.111  2028  2120 I OplusSmartBrightnessController: Boost enter
06-16 16:10:33.111  2028  2120 D OplusSmartBrightnessController: updateBoostMode displayId[0]=1
06-16 16:10:33.111  2028  2120 D Arc[OplusFeatureBrightnessBarController]: BrightnessBarController is not support.
06-16 16:10:33.112  2028  2079 I DreamController: Stopping dream: name=ComponentInfo{com.android.systemui/com.android.systemui.doze.DozeService}, isPreviewMode=false, canDoze=true, userId=0, reason='requested stopDream from power'
06-16 16:10:33.112  2028  2126 D VRR [OPlusRefreshRateService]: handleScreenStateChange state: 2
06-16 16:10:33.112  2028  2126 D VRR [OPlusExternalRefreshRateManager]: screenStateChange state: 2
06-16 16:10:33.112  2028  2122 D Arc[OplusBrightnessSceneAdapter]: Arc scene change!!! NormalScene -> StableScene [erraticScore:-1, stableScore:5467] isLuxRefresh:true
06-16 16:10:33.113  2028  2122 D Arc[OplusSmartBrightnessController]: brightness changed!!!finalLux:19.53366, weightLux:NaN, automaticLux:19.53366, lastFinalLux:NaN, lastAutomaticLux:NaN, deviceDirection:Stable, environmentDirection:Stable, scene:StableScene, accelerateScale:1.0, updateProcess:[InitChange], luxQueue:null, display[-1]:(41.75, 60.372814, 1486.4016)->(19.53366, 43.857704, 1291.1039), drag:(0.03, 2.0049, 2.0)
06-16 16:10:33.113  2028  2122 D Arc[OplusSmartBrightnessController]: Detailed Statistics:PhoneState{TimeEvent{event:CALENDER_TIME id:1}-16:09:00, LuxEvent{event:MAIN_LUX lux:19.0}, ProximityEvent{event:FAR id:1}, MotionEvent{event:MOTIONLESS id:0}, InOutDoorEvent{event:IN_DOOR id:0}, DarkModeEvent{event:DARK_MODE id:0}, NetworkEvent{event:WIFI id:0}}
06-16 16:10:33.113  2028  2120 D DisplayPowerState[0]: setScreenState changed:DOZE_SUSPEND->ON
06-16 16:10:33.113  2028  2120 D WindowManager: screenTurnedOn  Display{#0 state=DOZE_SUSPEND size=1080x2412 ROTATION_0}
06-16 16:10:33.114  2028  2120 D OplusScreenOffGestureManager: unRegisterSensor:
06-16 16:10:33.114  2028  2841 D WindowManager: mKeyguardDelegate.ShowListener.onDrawn.
06-16 16:10:33.114  2028  2121 W ContextImpl: Calling a method in the system process without a qualified user: android.app.ContextImpl.sendBroadcast:1261 com.android.server.am.OplusAppStartupConfig.handleCountRestrictedList:1783 com.android.server.am.OplusAppStartupManager.updateScreenStatus:5366 com.android.server.OplusSysStateManager$LocalService.onWakefulnessChanged:417 com.android.server.power.NotifierExtImpl.onWakefulnessChanged:134 
06-16 16:10:33.116  2028  2122 I OplusSmartBrightnessController: update target brightness point to : display[-1]=(41.75, 60.372814, 1486.4016)->(19.53366, 43.857704, 1291.1039)
06-16 16:10:33.116  2028  2122 I OplusSmartBrightnessController: onTargetBrightnessChange brightness change to (19.53366, 43.857704, 1291.1039)
06-16 16:10:33.116  2028  2122 D Arc[OplusFeatureBrightnessBarController]: BrightnessBarController is not support.
06-16 16:10:33.116  2028  2121 D NotifierExtImpl: notifyScreenOnOff: on = true
06-16 16:10:33.116  2028  2122 D Arc[LuxEvent]: aux light sensor enable:true
06-16 16:10:33.116  2028  2122 D Arc[LuxEvent]: register AUX_LIGHT result:true
06-16 16:10:33.116  2028  2121 D OplusPowerManagerServiceEnhance: notifyScreenOnOff on=true
06-16 16:10:33.117  2028  2122 D Arc[ProximityEvent]: proximity sensor enable:true
06-16 16:10:33.117  2028  2122 D Arc[ProximityEvent]: register PROXIMITY result:true
06-16 16:10:33.117  2028  2122 I OplusSmartBrightnessController: handleMessage MSG_FORCE_UPDATE_BRIGHTNESS.
06-16 16:10:33.117  2028  2122 I OplusSmartBrightnessController: onTargetBrightnessChange brightness change to (19.53366, 43.857704, 1291.1039)
06-16 16:10:33.117  2028  2122 E Arc[SensorDelegate]: registerSensorEvent fail, the aux sensor is null, dual Light support:false
06-16 16:10:33.117  2028  2122 D Arc[SensorDelegate]: AUX_LIGHT registerListener fail
06-16 16:10:33.118  2028  2122 D Arc[SensorDelegate]: PROXIMITY registerListener success
06-16 16:10:33.118  2028  2389 I MR2ServiceImpl: Updating composite discovery preference | preference: RouteDiscoveryRequest{ preferredFeatures={}, activeScan=false }, active routers: []
06-16 16:10:33.119  2028  2080 W WindowManager: Setting mKeyguardDrawComplete
06-16 16:10:33.119  2028  2080 I WindowManager: Window{adfce99 u0 NotificationShade} state from HAS_DRAWN to DRAW_PENDING; reason: requestDrawIfNeeded
06-16 16:10:33.120  2028  2080 I WindowManager: Waiting for drawn Window{adfce99 u0 NotificationShade}: removed=false visible=true mHasSurface=true drawState=1
06-16 16:10:33.120  2028  2080 D OplusWindowAnimationManager: Is NotificationShade draw check disabled: false, win: Window{adfce99 u0 NotificationShade}, clientRotation: 0, isFullscreen: true, requestedWidth: 1080, requestedHeight: 2412, physicalHeight: 2412, physicalWidth: 1080
06-16 16:10:33.120  2028  2080 D WindowManager: waitForAllWindowsDrawn displayId=-1,false,message={ when=-4h10m19s591ms what=7 arg1=-1 target=com.android.server.policy.PhoneWindowManager$PolicyHandler }
06-16 16:10:33.121  2028  2585 D WindowManagerServiceExtImpl: extractConfigInfoAndRealFlags rotation=0, screenDp=360, residentWS:0, scenario:0, bounds:2412, serverWinBounds:Rect(0, 0 - 1080, 2412), win=Window{adfce99 u0 NotificationShade}
06-16 16:10:33.121  2028  2585 V WindowManager: Relayout Window{adfce99 u0 NotificationShade}: viewVisibility=0, oldvis=0, req=1080x2412, vsysui=, x=0, y=0
06-16 16:10:33.121  2578  2578 W VRI[NotificationShade]: updateBlastSurfaceIfNeeded, surfaceSize:Point(1080, 2412), lastSurfaceSize:Point(1080, 2412), format:-3, blastBufferQueue:android.graphics.BLASTBufferQueue@1ba615d
06-16 16:10:33.122  2028  2585 I WindowManager: Waiting for drawn Window{adfce99 u0 NotificationShade}: removed=false visible=true mHasSurface=true drawState=1
06-16 16:10:33.122  2028  2585 D OplusWindowAnimationManager: Is NotificationShade draw check disabled: false, win: Window{adfce99 u0 NotificationShade}, clientRotation: 0, isFullscreen: true, requestedWidth: 1080, requestedHeight: 2412, physicalHeight: 2412, physicalWidth: 1080
06-16 16:10:33.123  2028  2585 D WindowManager: NFW_findFocusedWindowIfNeeded:Window{adfce99 u0 NotificationShade} mCurrentFocus:Window{adfce99 u0 NotificationShade}
06-16 16:10:33.126  2028  2028 V AlarmManager: sending alarm Alarm{854be73 type 3 origWhen 23493412 whenElapsed 23493412 android} uid 1000 whenElapsed 23493412 windowLength 0 maxWhenElapsed 23493412 repeatInterval 0 action null component null tag TIME_TICK flags 0x9 procName system_server
06-16 16:10:33.128  2028  2028 V AlarmManager: sending alarm Alarm{f32cecf type 3 origWhen 23526000 whenElapsed 23526000 android} uid 1000 whenElapsed 23526000 windowLength 0 maxWhenElapsed 23526000 repeatInterval 0 action null component null tag StatsCompanionService.periodic flags 0x9 procName system_server
06-16 16:10:33.128  2028  3934 D OplusCustomizeRestrictionManagerService: isSuperPowerSavingModeDisabled Pid: 5133, Uid: 1000
06-16 16:10:33.130  2028  2083 I WindowManager: Waiting for drawn Window{adfce99 u0 NotificationShade}: removed=false visible=true mHasSurface=true drawState=1
06-16 16:10:33.130  2028  2083 D OplusWindowAnimationManager: Is NotificationShade draw check disabled: false, win: Window{adfce99 u0 NotificationShade}, clientRotation: 0, isFullscreen: true, requestedWidth: 1080, requestedHeight: 2412, physicalHeight: 2412, physicalWidth: 1080
06-16 16:10:33.130  2028  2312 W OplusStorageManagerFeature: mScreenReceiver action:android.intent.action.DREAMING_STOPPED
06-16 16:10:33.130  2028  2841 D OplusCustomizeRestrictionManagerService: isSuperPowerSavingModeDisabled Pid: 5133, Uid: 1000
06-16 16:10:33.131  2028  2312 W OplusStorageManagerFeature: turn screenOn, maintPrepared:false
06-16 16:10:33.131  2028  2312 W OplusStorageManagerFeature: sendToTarget over,paramStr:0
06-16 16:10:33.131  2028  2312 W OplusStorageManagerFeature: Ready to deal actionParam:0
06-16 16:10:33.131   606  1576 D vold    : [storage]aborting idle start
06-16 16:10:33.132   606  1576 D vold    : [storage]idle maintenance stopped
06-16 16:10:33.132  2028  2312 E OplusStorageManagerFeature: writeF2fsRelatedNode failed for:discard_granularity
06-16 16:10:33.132  2028  2312 E OplusStorageManagerFeature: java.io.FileNotFoundException: /sys/fs/f2fs/sdc20/discard_granularity: open failed: EACCES (Permission denied)
06-16 16:10:33.132  2028  2312 E OplusStorageManagerFeature: 	at libcore.io.IoBridge.open(IoBridge.java:574)
06-16 16:10:33.132  2028  2312 E OplusStorageManagerFeature: 	at java.io.FileOutputStream.<init>(FileOutputStream.java:259)
06-16 16:10:33.132  2028  2312 E OplusStorageManagerFeature: 	at java.io.FileOutputStream.<init>(FileOutputStream.java:147)
06-16 16:10:33.132  2028  2312 E OplusStorageManagerFeature: 	at java.io.FileWriter.<init>(FileWriter.java:66)
06-16 16:10:33.132  2028  2312 E OplusStorageManagerFeature: 	at com.android.server.storage.OplusStorageManagerFeature.writeF2fsRelatedNode(OplusStorageManagerFeature.java:1166)
06-16 16:10:33.132  2028  2312 E OplusStorageManagerFeature: 	at com.android.server.storage.OplusStorageManagerFeature.onMessageDPolicyExpect(OplusStorageManagerFeature.java:1956)
06-16 16:10:33.132  2028  2312 E OplusStorageManagerFeature: 	at com.android.server.storage.OplusStorageManagerFeature.onStorageManagerMessageHandle(OplusStorageManagerFeature.java:1522)
06-16 16:10:33.132  2028  2312 E OplusStorageManagerFeature: 	at com.android.server.StorageManagerService$StorageManagerServiceHandler.handleMessage(StorageManagerService.java:793)
06-16 16:10:33.132  2028  2312 E OplusStorageManagerFeature: 	at android.os.Handler.dispatchMessage(Handler.java:112)
06-16 16:10:33.132  2028  2312 E OplusStorageManagerFeature: 	at android.os.Looper.loopOnce(Looper.java:288)
06-16 16:10:33.132  2028  2312 E OplusStorageManagerFeature: 	at android.os.Looper.loop(Looper.java:393)
06-16 16:10:33.132  2028  2312 E OplusStorageManagerFeature: 	at android.os.HandlerThread.run(HandlerThread.java:85)
06-16 16:10:33.132  2028  2312 E OplusStorageManagerFeature: Caused by: android.system.ErrnoException: open failed: EACCES (Permission denied)
06-16 16:10:33.132  2028  2312 E OplusStorageManagerFeature: 	at libcore.io.Linux.open(Native Method)
06-16 16:10:33.132  2028  2312 E OplusStorageManagerFeature: 	at libcore.io.ForwardingOs.open(ForwardingOs.java:563)
06-16 16:10:33.132  2028  2312 E OplusStorageManagerFeature: 	at libcore.io.BlockGuardOs.open(BlockGuardOs.java:274)
06-16 16:10:33.132  2028  2312 E OplusStorageManagerFeature: 	at libcore.io.IoBridge.open(IoBridge.java:560)
06-16 16:10:33.132  2028  2312 E OplusStorageManagerFeature: 	... 11 more
06-16 16:10:33.133  2028  2312 E OplusStorageManagerFeature: writeF2fsRelatedNode failed for:gc_urgent
06-16 16:10:33.133  2028  2312 E OplusStorageManagerFeature: java.io.FileNotFoundException: /sys/fs/f2fs/sdc20/gc_urgent: open failed: EACCES (Permission denied)
06-16 16:10:33.133  2028  2312 E OplusStorageManagerFeature: 	at libcore.io.IoBridge.open(IoBridge.java:574)
06-16 16:10:33.133  2028  2312 E OplusStorageManagerFeature: 	at java.io.FileOutputStream.<init>(FileOutputStream.java:259)
06-16 16:10:33.133  2028  2312 E OplusStorageManagerFeature: 	at java.io.FileOutputStream.<init>(FileOutputStream.java:147)
06-16 16:10:33.133  2028  2312 E OplusStorageManagerFeature: 	at java.io.FileWriter.<init>(FileWriter.java:66)
06-16 16:10:33.133  2028  2312 E OplusStorageManagerFeature: 	at com.android.server.storage.OplusStorageManagerFeature.writeF2fsRelatedNode(OplusStorageManagerFeature.java:1166)
06-16 16:10:33.133  2028  2312 E OplusStorageManagerFeature: 	at com.android.server.storage.OplusStorageManagerFeature.onMessageDPolicyExpect(OplusStorageManagerFeature.java:1957)
06-16 16:10:33.133  2028  2312 E OplusStorageManagerFeature: 	at com.android.server.storage.OplusStorageManagerFeature.onStorageManagerMessageHandle(OplusStorageManagerFeature.java:1522)
06-16 16:10:33.133  2028  2312 E OplusStorageManagerFeature: 	at com.android.server.StorageManagerService$StorageManagerServiceHandler.handleMessage(StorageManagerService.java:793)
06-16 16:10:33.133  2028  2312 E OplusStorageManagerFeature: 	at android.os.Handler.dispatchMessage(Handler.java:112)
06-16 16:10:33.133  2028  2312 E OplusStorageManagerFeature: 	at android.os.Looper.loopOnce(Looper.java:288)
06-16 16:10:33.133  2028  2312 E OplusStorageManagerFeature: 	at android.os.Looper.loop(Looper.java:393)
06-16 16:10:33.133  2028  2312 E OplusStorageManagerFeature: 	at android.os.HandlerThread.run(HandlerThread.java:85)
06-16 16:10:33.133  2028  2312 E OplusStorageManagerFeature: Caused by: android.system.ErrnoException: open failed: EACCES (Permission denied)
06-16 16:10:33.133  2028  2312 E OplusStorageManagerFeature: 	at libcore.io.Linux.open(Native Method)
06-16 16:10:33.133  2028  2312 E OplusStorageManagerFeature: 	at libcore.io.ForwardingOs.open(ForwardingOs.java:563)
06-16 16:10:33.133  2028  2312 E OplusStorageManagerFeature: 	at libcore.io.BlockGuardOs.open(BlockGuardOs.java:274)
06-16 16:10:33.133  2028  2312 E OplusStorageManagerFeature: 	at libcore.io.IoBridge.open(IoBridge.java:560)
06-16 16:10:33.133  2028  2312 E OplusStorageManagerFeature: 	... 11 more
06-16 16:10:33.137  2028  2122 D Arc[OplusBrightnessPhoneStateManager]: LuxEvent{event:MAIN_LUX lux:16.0} -> LuxEvent{event:MAIN_LUX lux:16.0}
06-16 16:10:33.137  2028  2122 D Arc[OplusBrightnessSceneAdapter]: Arc scene change!!! StableScene -> NormalScene [erraticScore:-1, stableScore:-1] isLuxRefresh:true
06-16 16:10:33.137  2028  2122 D Arc[OplusSmartBrightnessController]: brightness changed!!!finalLux:16.300148, weightLux:NaN, automaticLux:16.300148, lastFinalLux:NaN, lastAutomaticLux:NaN, deviceDirection:Stable, environmentDirection:Stable, scene:NormalScene, accelerateScale:1.0, updateProcess:[InitChange], luxQueue:null, display[-1]:(19.53366, 43.857704, 1291.1039)->(16.300148, 39.371387, 1229.27), drag:(0.03, 2.0049, 2.0)
06-16 16:10:33.137  2028  2122 D Arc[OplusSmartBrightnessController]: Detailed Statistics:PhoneState{TimeEvent{event:CALENDER_TIME id:1}-16:09:00, LuxEvent{event:MAIN_LUX lux:16.0}, ProximityEvent{event:FAR id:1}, MotionEvent{event:MOTIONLESS id:0}, InOutDoorEvent{event:IN_DOOR id:0}, DarkModeEvent{event:DARK_MODE id:0}, NetworkEvent{event:WIFI id:0}}
06-16 16:10:33.137  2028  2028 E ScreenIntentReceiver: notifyChange failed
06-16 16:10:33.138  2028  2122 I OplusSmartBrightnessController: update target brightness point to : display[-1]=(19.53366, 43.857704, 1291.1039)->(16.300148, 39.371387, 1229.27)
06-16 16:10:33.138  2028  2122 I OplusSmartBrightnessController: onTargetBrightnessChange brightness change to (16.300148, 39.371387, 1229.27)
06-16 16:10:33.138  2028  2122 D Arc[OplusFeatureBrightnessBarController]: BrightnessBarController is not support.
06-16 16:10:33.140  2028  2437 D OplusBatteryManager: getPsyBatteryRm: 2661
06-16 16:10:33.141  2028  2303 I OplusKeyEventUtil: mIsPowerKeyDown =false
06-16 16:10:33.141  2028  2089 D AppProfilerExtImpl: Skipped pss collection for CPU busy
06-16 16:10:33.142  2028  2303 I OplusJoystickManager: read game pad state for game manager -> false
06-16 16:10:33.142  2028  2303 W OplusJoystickManager: mInterceptGamepadKey is false
06-16 16:10:33.142  2028  2303 D OplusCustomizeRestrictionManagerService: isLongPressVolumeUpDisabled start
06-16 16:10:33.142  2028  2303 D StrategyBlackscreenshot: notifyKeyBeforeQueueing, event=KeyEvent { action=ACTION_UP, keyCode=KEYCODE_POWER, scanCode=116, metaState=0, flags=0x8, repeatCount=0, eventTime=15019612196000, downTime=15019406628000, deviceId=3, source=0x101, displayId=-1 }, interactive=true
06-16 16:10:33.142  2028  2547 I WindowManager: Waiting for drawn Window{adfce99 u0 NotificationShade}: removed=false visible=true mHasSurface=true drawState=1
06-16 16:10:33.142  2028  2547 D OplusWindowAnimationManager: Is NotificationShade draw check disabled: false, win: Window{adfce99 u0 NotificationShade}, clientRotation: 0, isFullscreen: true, requestedWidth: 1080, requestedHeight: 2412, physicalHeight: 2412, physicalWidth: 1080
06-16 16:10:33.142  2028  2547 D DeviceStateProviderImpl: keyguard show or sleep: true mLastReportedState 0
06-16 16:10:33.143  2028  2082 V UsbDeviceManager: onKeyguardStateChanged: isShowing:true secure:true user:0
06-16 16:10:33.143  2028  2082 D OplusAccessControlManagerService: onKeyguardStateChanged : true
06-16 16:10:33.143  2028  3165 D OplusBatteryServiceFeature: setSmartCoolDown: coolDown = 8, normalCoolDown = 8, pkgName = com.android.launcher
06-16 16:10:33.143  2028  2303 I HwShutdownRecord: RecoverSqlFunc running start, setprop false
06-16 16:10:33.143  2028  2303 I HwShutdownRecord: tmemory Remove Flag
06-16 16:10:33.144  2028  2120 D ColorAutomaticBrightnessController: setLightSensorEnabled: enable=true, mLightSensorEnabled=false
06-16 16:10:33.144  2028  2120 I ColorAutomaticBrightnessController: updateAutoBrightness: Auto, sendUpdate = false adjustment=2.000000,changed:2->1486,modified:1486->1486->1486,changed=true,cameraMode=-1,ProximityNear=false
06-16 16:10:33.145  2028  2120 D OplusSmartBrightnessController: force rate to be fast displayId[0]=3200 -> 3200 boostMode=1
06-16 16:10:33.145  2028  2120 D OplusSmartBrightnessController: wakeup displayId[0]=3200 -> 0
06-16 16:10:33.145  2028  2120 I OplusSmartBrightnessController: setPowerOnRealTimeBrightness 1486.0
06-16 16:10:33.145  2028  2120 D OplusFeatureHDREnhanceBrightness: setAnimating : displayId[0]=false
06-16 16:10:33.145  2028  2120 D OplusFeatureReduceBrightness: setAnimating : animating = false
06-16 16:10:33.145  2028  2120 D OplusFeatureEdrEnhanceBrightness: setAnimating: false
06-16 16:10:33.145  2028  2120 D OplusFeaturePwEdrEnhanceBrightness: setAnimating: false
06-16 16:10:33.147  2028  2120 D DpcExtImpl[0]: Animating brightness: hdrBrightness target=2->1486,sdrBrightness target=2->1486,rate=3200->0,type=automatic,byUse=false local:4627039422300187648
06-16 16:10:33.147  2028  2080 V StrategyShutdown:  cancel Combined rule
06-16 16:10:33.148  2028  2080 V SinglePowerKeyMonitor: p keyrule onPress. isXiaoBuFloat = false isUnderWaterGraining = false
06-16 16:10:33.148  2028  2120 D DisplayPowerController[0]: updatePowerStateInternal policy:DOZE->BRIGHT,state:DOZE_SUSPEND->ON policy=BRIGHT, useProximitySensor=false, screenBrightnessOverride=-1.0, useAutoBrightness=false, screenAutoBrightnessAdjustmentOverride=NaN, screenLowPowerBrightnessFactor=1.0, blockScreenOn=false, lowPowerMode=false, boostScreenBrightness=false, dozeScreenBrightness=NaN, dozeScreenState=UNKNOWN, dozeScreenStateReason=DEFAULT_POLICY
06-16 16:10:33.148  2028  2443 D DisplayPowerState[0]: Updating screen state: id=0, state=ON, backlight=1486.0, sdrBacklight=1486.0
06-16 16:10:33.149  2028  2443 D DisplayAdapterExt: sendDisplayDeviceEventLocked event=2,now=23526560,timestamp=23526560 device:[id=local:4627039422300187648,stack=0],isFirst=true,activeMode=2,state=ON,commitState=DOZE_SUSPEND,devInfo:null
06-16 16:10:33.149  2028  2443 D OplusSmartBrightnessController: requestDisplayState isFirstDisplay=true state=2 globalDisplayState=0x7
06-16 16:10:33.149  2028  2082 D DisplayDeviceRepositoryExtImpl: onDisplayDeviceEvent event=2,now=23526560,timestamp=23526560 device:[id=local:4627039422300187648,stack=0],isFirst=true,activeMode=2,state=ON,commitState=DOZE_SUSPEND,devInfo:null
06-16 16:10:33.149  2028  2120 I ColorAutomaticBrightnessController: updateAutoBrightness: Auto, sendUpdate = true adjustment=2.000000,changed:1486->1229,modified:1229->1229->1229,changed=true,cameraMode=-1,ProximityNear=false
06-16 16:10:33.149  2028  2443 D DisplayDeviceExt: setDisplayState([4627039422300187648,true],DOZE_SUSPEND->ON),t-Name=PhotonicModulator
06-16 16:10:33.149  2028  2082 I DisplayDeviceRepository: Display device changed state: "Built-in Screen", ON
06-16 16:10:33.149  2028  1590 W ContextImpl: Calling a method in the system process without a qualified user: android.app.ContextImpl.sendBroadcast:1276 com.android.server.policy.PhoneWindowManagerExtImpl$5.run:1707 java.lang.Thread.run:1012 <bottom of call stack> <bottom of call stack> 
06-16 16:10:33.149  2028  2082 D LogicalDisplayMapper: Display device changed: DisplayDeviceInfo{"Built-in Screen": uniqueId="local:4627039422300187648", 1080 x 2412, modeId 2, renderFrameRate 120.00001, defaultModeId 1, userPreferredModeId 1, supportedModes [{id=1, width=1080, height=2412, fps=60.0, vsync=60.0, synthetic=false, alternativeRefreshRates=[90.0, 120.00001], supportedHdrTypes=[2, 3, 4]}, {id=2, width=1080, height=2412, fps=120.00001, vsync=120.00001, synthetic=false, alternativeRefreshRates=[60.0, 90.0], supportedHdrTypes=[2, 3, 4]}, {id=3, width=1080, height=2412, fps=90.0, vsync=90.0, synthetic=false, alternativeRefreshRates=[60.0, 120.00001], supportedHdrTypes=[2, 3, 4]}], colorMode 0, supportedColorModes [0, 7, 9], hdrCapabilities HdrCapabilities{mSupportedHdrTypes=[2, 3, 4], mMaxLuminance=500.0, mMaxAverageLuminance=500.0, mMinLuminance=0.0}, allmSupported false, gameContentTypeSupported false, density 480, 391.885 x 395.256 dpi, appVsyncOff 1099999, presDeadline 13300000, cutout DisplayCutout{insets=Rect(0, 120 - 0, 0) waterfall=Insets{left=0, top=0, right=0, bottom=0} boundingRect={Bounds=[Rect(0, 0 - 0, 0), Rect(502, 0 - 578, 120), Rect(0, 0 - 0, 0), Rect(0, 0 - 0, 0)]} cutoutPathParserInfo={CutoutPathParserInfo{displayWidth=1080 displayHeight=2412 physicalDisplayWidth=1080 physicalDisplayHeight=2412 density={3.0} cutoutSpec={M -38,0 L -38,120 L 38,120 L 38,0 Z} rotation={0} scale={1.0} physicalPixelDisplaySizeRatio={1.0}}} sideOverrides={}}, touch INTERNAL, rotation 0, type INTERNAL, address {port=0, model=0x40368bd6e7ee6c}, deviceProductInfo DeviceProductInfo{name=MTKDEV, manufacturerPnpId=MTK, productId=35638, modelYear=null, manufactureDate=ManufactureDate{week=42, year=2021}, connectionToSinkType=0}, state ON, committedState DOZE_SUSPEND, frameRateOverride , brightnessMinimum 0.0, brightnessMaximum 1.0, brightnessDefault 2133.7505, hdrSdrRatio 1.0, backlightType 0, roundedCorners RoundedCorners{[RoundedCorner{position=TopLeft, radius=113, center=Point(113, 113)}, RoundedCorner{position=TopRight, radius=113, center=Point(967, 113)}, RoundedCorner{position=BottomRight, radius=113, center=Point(967, 2299)}, RoundedCorner{position=BottomLeft, radius=113, center=Point(113, 2299)}]}, FLAG_ALLOWED_TO_BE_DEFAULT_DISPLAY, FLAG_ROTATES_WITH_CONTENT, FLAG_SECURE, FLAG_SUPPORTS_PROTECTED_BUFFERS, FLAG_TRUSTED, installOrientation 0, displayShape DisplayShape{ spec=1406003047 displayWidth=1080 displayHeight=2412 physicalPixelDisplaySizeRatio=1.0 rotation=0 offsetX=0 offsetY=0 scale=1.0}} diff=2
06-16 16:10:33.149  2028  2082 D LogicalDisplayExt: set displayInfo flag FLAG_ROTATES_WITH_CONTENT
06-16 16:10:33.151  2028  2082 D DisplayManagerServiceExtImpl: scheduleTraversalLocked intraversal=false
06-16 16:10:33.151  2028  2082 I DisplayManagerServiceExtImpl: handle logical display changed logicalDisplay=id=0,stack=0,content=true,displayInfo{stack=0,type=1,id=0,uId=local:4627039422300187648,state=ON,pkg=null}
06-16 16:10:33.151  2578  2578 W VRI[NotificationShade]: handleResized, msg:, frameChanged:false, configChanged:false, displayChanged:false, attachedFrameChanged:false, compatScaleChanged:false, pendingDragResizing=false
06-16 16:10:33.152  2028  2120 D OplusSmartBrightnessController: force rate to be fast displayId[0]=24 -> 3200 boostMode=1
06-16 16:10:33.152  2028  2120 I OplusSmartBrightnessController: setPowerOnRealTimeBrightness 1229.0
06-16 16:10:33.152  2028  2120 D OplusFeatureHDREnhanceBrightness: setAnimating : displayId[0]=false
06-16 16:10:33.152  2028  2120 D OplusFeatureReduceBrightness: setAnimating : animating = false
06-16 16:10:33.152  2028  2120 D OplusFeatureEdrEnhanceBrightness: setAnimating: false
06-16 16:10:33.152  2028  2120 D OplusFeaturePwEdrEnhanceBrightness: setAnimating: false
06-16 16:10:33.152  2028  2120 D DpcExtImpl[0]: Animating brightness: hdrBrightness target=1486->1229,sdrBrightness target=1486->1229,rate=3200->3200,type=automatic,byUse=false local:4627039422300187648
06-16 16:10:33.153  2028  2120 D OplusSmartBrightnessController: force rate to be fast displayId[0]=24 -> 3200 boostMode=1
06-16 16:10:33.153  2028  2120 D BrightnessThermalClamper: Thermal status observer already started
06-16 16:10:33.153  2028  2120 D BrightnessPowerClamper: Power throttling data is missing for configuration data.
06-16 16:10:33.154  2028  2547 D WindowManagerServiceExtImpl: extractConfigInfoAndRealFlags rotation=0, screenDp=360, residentWS:0, scenario:0, bounds:2412, serverWinBounds:Rect(0, 0 - 1080, 2412), win=Window{adfce99 u0 NotificationShade}
06-16 16:10:33.154  2028  2547 V WindowManager: Relayout Window{adfce99 u0 NotificationShade}: viewVisibility=0, oldvis=0, req=1080x2412, vsysui=, x=0, y=0
06-16 16:10:33.154  2578  2578 W VRI[NotificationShade]: updateBlastSurfaceIfNeeded, surfaceSize:Point(1080, 2412), lastSurfaceSize:Point(1080, 2412), format:-3, blastBufferQueue:android.graphics.BLASTBufferQueue@1ba615d
06-16 16:10:33.155  2028  2547 D DisplayManagerService: performTraversalInternal pendingTraversal
06-16 16:10:33.155  2028  2547 D DisplayDevice: setLayerStackLocked id=local:4627039422300187648 token=android.os.BinderProxy@f554ff stack=0->0
06-16 16:10:33.155  2028  2547 I WindowManager: Waiting for drawn Window{adfce99 u0 NotificationShade}: removed=false visible=true mHasSurface=true drawState=1
06-16 16:10:33.155  2028  2547 D OplusWindowAnimationManager: Is NotificationShade draw check disabled: false, win: Window{adfce99 u0 NotificationShade}, clientRotation: 0, isFullscreen: true, requestedWidth: 1080, requestedHeight: 2412, physicalHeight: 2412, physicalWidth: 1080
06-16 16:10:33.155  2028  2547 D WindowManager: NFW_findFocusedWindowIfNeeded:Window{adfce99 u0 NotificationShade} mCurrentFocus:Window{adfce99 u0 NotificationShade}
06-16 16:10:33.155  2028  2082 D DisplayManagerService: Delivering display event: displayId=0, event=CHANGED
06-16 16:10:33.160  2028  2497 D OAppNetControlService: Screens on!
06-16 16:10:33.162  2028  2080 D OplusVFXScreenEffectFeature: notifySFCompatWindowStateChange entered false
06-16 16:10:33.162  2028  2080 D FSS_FoldScreenBlackCoverController: displayChangeToOn, dc:Display{#0 state=ON size=1080x2412 ROTATION_0}
06-16 16:10:33.165  2028  2080 D DisplayManagerService: performTraversalInternal pendingTraversal
06-16 16:10:33.165  2028  2080 D DisplayDevice: setLayerStackLocked id=local:4627039422300187648 token=android.os.BinderProxy@f554ff stack=0->0
06-16 16:10:33.167  2028  2080 I WindowManager: Waiting for drawn Window{adfce99 u0 NotificationShade}: removed=false visible=true mHasSurface=true drawState=1
06-16 16:10:33.167  2028  2080 D OplusWindowAnimationManager: Is NotificationShade draw check disabled: false, win: Window{adfce99 u0 NotificationShade}, clientRotation: 0, isFullscreen: true, requestedWidth: 1080, requestedHeight: 2412, physicalHeight: 2412, physicalWidth: 1080
06-16 16:10:33.169  2028  2121 D AlarmWakeupCheck: SCREEN_ON: CntAlarmWakeup = 0
06-16 16:10:33.172  2028  2082 D DisplayManagerService: MSG_REQUEST_TRAVERSAL pendingCompleted=false
06-16 16:10:33.172  2495  2495 D CastManagerService: onDisplayChanged.
06-16 16:10:33.175  2028  2389 I MR2ServiceImpl: Updating composite discovery preference | preference: RouteDiscoveryRequest{ preferredFeatures={}, activeScan=false }, active routers: []
06-16 16:10:33.178  2028  2121 D OplusAlarmAdjustment: MSG_SCREEN_ON, mScreenOnElapsed=23526590 ms
06-16 16:10:33.178  2028  2121 D OplusAlarmAdjustMap: removeAlignUid, uid=0, requester=0
06-16 16:10:33.179  2028  2083 I WindowManager: Waiting for drawn Window{adfce99 u0 NotificationShade}: removed=false visible=true mHasSurface=true drawState=1
06-16 16:10:33.179  2028  2083 D OplusWindowAnimationManager: Is NotificationShade draw check disabled: false, win: Window{adfce99 u0 NotificationShade}, clientRotation: 0, isFullscreen: true, requestedWidth: 1080, requestedHeight: 2412, physicalHeight: 2412, physicalWidth: 1080
06-16 16:10:33.190  2028  2443 D DisplayAdapterExt: sendDisplayDeviceEventLocked event=2,now=23526602,timestamp=23526602 device:[id=local:4627039422300187648,stack=0],isFirst=true,activeMode=2,state=ON,commitState=ON,devInfo:null
06-16 16:10:33.191  2028  2082 D DisplayDeviceRepositoryExtImpl: onDisplayDeviceEvent event=2,now=23526602,timestamp=23526602 device:[id=local:4627039422300187648,stack=0],isFirst=true,activeMode=2,state=ON,commitState=ON,devInfo:null
06-16 16:10:33.192  2028  2443 I LocalDisplayAdapterExtImpl: power on! sync real time brightness:1229.0 isFirst=true
06-16 16:10:33.192  2028  2082 I DisplayDeviceRepositoryExtImpl: Display device changed committed state: "Built-in Screen", ON
06-16 16:10:33.193  2028  2443 I OplusSmartBrightnessController: setPowerOnRealTimeBrightness -1.0
06-16 16:10:33.193  2028  2082 D LogicalDisplayMapper: Display device changed: DisplayDeviceInfo{"Built-in Screen": uniqueId="local:4627039422300187648", 1080 x 2412, modeId 2, renderFrameRate 120.00001, defaultModeId 1, userPreferredModeId 1, supportedModes [{id=1, width=1080, height=2412, fps=60.0, vsync=60.0, synthetic=false, alternativeRefreshRates=[90.0, 120.00001], supportedHdrTypes=[2, 3, 4]}, {id=2, width=1080, height=2412, fps=120.00001, vsync=120.00001, synthetic=false, alternativeRefreshRates=[60.0, 90.0], supportedHdrTypes=[2, 3, 4]}, {id=3, width=1080, height=2412, fps=90.0, vsync=90.0, synthetic=false, alternativeRefreshRates=[60.0, 120.00001], supportedHdrTypes=[2, 3, 4]}], colorMode 0, supportedColorModes [0, 7, 9], hdrCapabilities HdrCapabilities{mSupportedHdrTypes=[2, 3, 4], mMaxLuminance=500.0, mMaxAverageLuminance=500.0, mMinLuminance=0.0}, allmSupported false, gameContentTypeSupported false, density 480, 391.885 x 395.256 dpi, appVsyncOff 1099999, presDeadline 13300000, cutout DisplayCutout{insets=Rect(0, 120 - 0, 0) waterfall=Insets{left=0, top=0, right=0, bottom=0} boundingRect={Bounds=[Rect(0, 0 - 0, 0), Rect(502, 0 - 578, 120), Rect(0, 0 - 0, 0), Rect(0, 0 - 0, 0)]} cutoutPathParserInfo={CutoutPathParserInfo{displayWidth=1080 displayHeight=2412 physicalDisplayWidth=1080 physicalDisplayHeight=2412 density={3.0} cutoutSpec={M -38,0 L -38,120 L 38,120 L 38,0 Z} rotation={0} scale={1.0} physicalPixelDisplaySizeRatio={1.0}}} sideOverrides={}}, touch INTERNAL, rotation 0, type INTERNAL, address {port=0, model=0x40368bd6e7ee6c}, deviceProductInfo DeviceProductInfo{name=MTKDEV, manufacturerPnpId=MTK, productId=35638, modelYear=null, manufactureDate=ManufactureDate{week=42, year=2021}, connectionToSinkType=0}, state ON, committedState ON, frameRateOverride , brightnessMinimum 0.0, brightnessMaximum 1.0, brightnessDefault 2133.7505, hdrSdrRatio 1.0, backlightType 0, roundedCorners RoundedCorners{[RoundedCorner{position=TopLeft, radius=113, center=Point(113, 113)}, RoundedCorner{position=TopRight, radius=113, center=Point(967, 113)}, RoundedCorner{position=BottomRight, radius=113, center=Point(967, 2299)}, RoundedCorner{position=BottomLeft, radius=113, center=Point(113, 2299)}]}, FLAG_ALLOWED_TO_BE_DEFAULT_DISPLAY, FLAG_ROTATES_WITH_CONTENT, FLAG_SECURE, FLAG_SUPPORTS_PROTECTED_BUFFERS, FLAG_TRUSTED, installOrientation 0, displayShape DisplayShape{ spec=1406003047 displayWidth=1080 displayHeight=2412 physicalPixelDisplaySizeRatio=1.0 rotation=0 offsetX=0 offsetY=0 scale=1.0}} diff=4
06-16 16:10:33.193  2028  2082 D LogicalDisplayExt: set displayInfo flag FLAG_ROTATES_WITH_CONTENT
06-16 16:10:33.194  2028  2443 D DisplayDeviceExt: setDisplayBrightness(4627039422300187648,1229.0, 0.262888, 39.308),verbose[(0,ON):1.0->1229.0,(1229.0, 1486.0)]
06-16 16:10:33.196  2028  2082 D DisplayManagerServiceExtImpl: scheduleTraversalLocked intraversal=false
06-16 16:10:33.196  2028  2082 I DisplayManagerServiceExtImpl: handle logical display changed logicalDisplay=id=0,stack=0,content=true,displayInfo{stack=0,type=1,id=0,uId=local:4627039422300187648,state=ON,pkg=null}
06-16 16:10:33.196  2028  2082 D DisplayManagerService: Delivering display event: displayId=0, event=CHANGED
06-16 16:10:33.197  2028  2080 D OplusVFXScreenEffectFeature: notifySFCompatWindowStateChange entered false
06-16 16:10:33.197  2028  2080 D FSS_FoldScreenBlackCoverController: displayChangeToOn, dc:Display{#0 state=ON size=1080x2412 ROTATION_0}
06-16 16:10:33.198  2028  2080 D DisplayManagerService: performTraversalInternal pendingTraversal
06-16 16:10:33.198  2028  2080 D DisplayDevice: setLayerStackLocked id=local:4627039422300187648 token=android.os.BinderProxy@f554ff stack=0->0
06-16 16:10:33.198  2028  2080 I WindowManager: Waiting for drawn Window{adfce99 u0 NotificationShade}: removed=false visible=true mHasSurface=true drawState=1
06-16 16:10:33.198  2028  2080 D OplusWindowAnimationManager: Is NotificationShade draw check disabled: false, win: Window{adfce99 u0 NotificationShade}, clientRotation: 0, isFullscreen: true, requestedWidth: 1080, requestedHeight: 2412, physicalHeight: 2412, physicalWidth: 1080
06-16 16:10:33.200  2028  2547 I WindowManager: Window{adfce99 u0 NotificationShade} state from DRAW_PENDING to COMMIT_DRAW_PENDING; reason: finishDrawingLocked
06-16 16:10:33.200  2028  2120 D BrightnessThermalClamper: Thermal status observer already started
06-16 16:10:33.200  2028  2120 D BrightnessPowerClamper: Power throttling data is missing for configuration data.
06-16 16:10:33.200  2028  2083 D WindowManager: NFW_setClientVisible:WallpaperWindowToken{10127d3 token=android.os.Binder@f14378f showWhenLocked=true} clientVisible:true
06-16 16:10:33.201  2028  2082 D DisplayManagerService: MSG_REQUEST_TRAVERSAL pendingCompleted=false
06-16 16:10:33.208  2028  2083 I WindowManager: Window{adfce99 u0 NotificationShade} state from COMMIT_DRAW_PENDING to READY_TO_SHOW; reason: commitFinishDrawingLocked
06-16 16:10:33.208  2028  2083 I WindowManager: Window{adfce99 u0 NotificationShade} state from READY_TO_SHOW to HAS_DRAWN; reason: performShowLocked
06-16 16:10:33.208  2028  2083 I WindowManager: Waiting for drawn Window{adfce99 u0 NotificationShade}: removed=false visible=true mHasSurface=true drawState=4
06-16 16:10:33.208  2028  2083 D OplusWindowAnimationManager: Is NotificationShade draw check disabled: false, win: Window{adfce99 u0 NotificationShade}, clientRotation: 0, isFullscreen: true, requestedWidth: 1080, requestedHeight: 2412, physicalHeight: 2412, physicalWidth: 1080
06-16 16:10:33.210  2495  2495 D CastManagerService: onDisplayChanged.
06-16 16:10:33.210  2028  2080 W WindowManager: All windows drawn on display -1
06-16 16:10:33.210  2028  2080 D FSS_FoldScreenBlackCoverController: finishWindowsDrawn, displayId:-1
06-16 16:10:33.211  2028  2080 I WindowManager: Finished screen turning on...0
06-16 16:10:33.226  2028  2443 D OplusSmartBrightnessController: brightness(primary) = 1229, brightness color = 1229.0, nit(primary) = 39.3077, brightness nit = 39.3077,id:4627039422300187648 provider=true,verbose[auto=true,dragging=false,lowAnimating=false,hdrAnimating=false,needUpdate=true,window=false,dolbyRecord=false,edrEnhance=false,cover=false,isFirst=true,onlyOne=false,isDragAnimating=false,noAnim=true,state=ON]
06-16 16:10:33.227  2028  2443 D DisplayDeviceExt: setDisplayBrightness(4627039422300187648,1229.0, 0.262888, 39.308),verbose[(1,ON):1229.0->1229.0,(1229.0, 1229.0)]
06-16 16:10:33.227  2028  2122 D OplusDisplayBrightnessBroadcastReceiver: onReceive action = android.intent.action.SCREEN_ON , listeners = [com.android.server.display.marvels.module.ORBrightnessMarvelsDataCollector$ScreenStateReceiver@e68d360, com.android.server.display.stat.BackLightStat$EventReceiver@f497019, com.android.server.display.oplus.eyeprotect.manager.AiEyeProtectManagerController$ScreenChangedReceiverWithUpgradeUI@83c1abf]
06-16 16:10:33.227  2028  2122 I OplusSmartBrightnessController: handleMessage MSG_UPDATE_BRIGHTNESS_NO_ANIMATION changed:false
06-16 16:10:33.227  2028  2122 D OplusSmartBrightnessController: setBrightnessNoAnimation true->false
06-16 16:10:33.227  2028  2122 D OplusSmartBrightnessController: setBrightnessNoAnimation false->false
06-16 16:10:33.227  2028  2120 D OplusSmartBrightnessController: force rate to be fast displayId[0]=24 -> 3200 boostMode=1
06-16 16:10:33.228  2028  2120 D DisplayPowerController[0]: screenTurnedOn state=2 brightnessState=1229.0 mustNotify=true
06-16 16:10:33.229  2028  2120 D DpcExtImpl[0]: RECORD:onUpdatePowerState policy:3 state:2 brightness:1229
06-16 16:10:33.230  2028  2120 W PowerManagerService: Screen on took 136 ms. groupId = 0
06-16 16:10:33.230  2028  2120 D OplusPowerManagerHelper: [onWakeUpFinish]
06-16 16:10:33.230  2028  2120 E OplusCustomizeRestrictionManagerService: isBiometricDisabled start
06-16 16:10:33.230  2028  2120 D OplusPowerManagerHelper: scheduleNotifyStopDream
06-16 16:10:33.230  2028  2120 D OplusFeatureAOD: notifySfUnBlockScreenOn
06-16 16:10:33.230  2028  2120 D OplusPowerManagerHelper: handleMessage:102
06-16 16:10:33.230  2028  2120 D OplusPowerManagerHelper: MSG_STOP_DEAM
06-16 16:10:33.236  2028  2497 D CommSceneService: notify screen off changed state=0
06-16 16:10:33.236  2028  2497 E CommSceneService: modem stationary state=0 not update, cancel notify!
06-16 16:10:33.236  2028  2120 D OplusSmartBrightnessController: force rate to be fast displayId[0]=24 -> 3200 boostMode=1
06-16 16:10:33.238  2028  2312 W OplusStorageManagerFeature: mScreenReceiver action:android.intent.action.SCREEN_ON
06-16 16:10:33.242  2028  2312 W OplusStorageManagerFeature: turn screenOn, maintPrepared:false
06-16 16:10:33.243  2028  2312 W OplusStorageManagerFeature: sendToTarget over,paramStr:0
06-16 16:10:33.245  2028  2312 W OplusStorageManagerFeature: Ready to deal actionParam:0
06-16 16:10:33.246  2028  2312 E OplusStorageManagerFeature: writeF2fsRelatedNode failed for:discard_granularity
06-16 16:10:33.246  2028  2312 E OplusStorageManagerFeature: java.io.FileNotFoundException: /sys/fs/f2fs/sdc20/discard_granularity: open failed: EACCES (Permission denied)
06-16 16:10:33.246  2028  2312 E OplusStorageManagerFeature: 	at libcore.io.IoBridge.open(IoBridge.java:574)
06-16 16:10:33.246  2028  2312 E OplusStorageManagerFeature: 	at java.io.FileOutputStream.<init>(FileOutputStream.java:259)
06-16 16:10:33.246  2028  2312 E OplusStorageManagerFeature: 	at java.io.FileOutputStream.<init>(FileOutputStream.java:147)
06-16 16:10:33.246  2028  2312 E OplusStorageManagerFeature: 	at java.io.FileWriter.<init>(FileWriter.java:66)
06-16 16:10:33.246  2028  2312 E OplusStorageManagerFeature: 	at com.android.server.storage.OplusStorageManagerFeature.writeF2fsRelatedNode(OplusStorageManagerFeature.java:1166)
06-16 16:10:33.246  2028  2312 E OplusStorageManagerFeature: 	at com.android.server.storage.OplusStorageManagerFeature.onMessageDPolicyExpect(OplusStorageManagerFeature.java:1956)
06-16 16:10:33.246  2028  2312 E OplusStorageManagerFeature: 	at com.android.server.storage.OplusStorageManagerFeature.onStorageManagerMessageHandle(OplusStorageManagerFeature.java:1522)
06-16 16:10:33.246  2028  2312 E OplusStorageManagerFeature: 	at com.android.server.StorageManagerService$StorageManagerServiceHandler.handleMessage(StorageManagerService.java:793)
06-16 16:10:33.246  2028  2312 E OplusStorageManagerFeature: 	at android.os.Handler.dispatchMessage(Handler.java:112)
06-16 16:10:33.246  2028  2312 E OplusStorageManagerFeature: 	at android.os.Looper.loopOnce(Looper.java:288)
06-16 16:10:33.246  2028  2312 E OplusStorageManagerFeature: 	at android.os.Looper.loop(Looper.java:393)
06-16 16:10:33.246  2028  2312 E OplusStorageManagerFeature: 	at android.os.HandlerThread.run(HandlerThread.java:85)
06-16 16:10:33.246  2028  2312 E OplusStorageManagerFeature: Caused by: android.system.ErrnoException: open failed: EACCES (Permission denied)
06-16 16:10:33.246  2028  2312 E OplusStorageManagerFeature: 	at libcore.io.Linux.open(Native Method)
06-16 16:10:33.246  2028  2312 E OplusStorageManagerFeature: 	at libcore.io.ForwardingOs.open(ForwardingOs.java:563)
06-16 16:10:33.246  2028  2312 E OplusStorageManagerFeature: 	at libcore.io.BlockGuardOs.open(BlockGuardOs.java:274)
06-16 16:10:33.246  2028  2312 E OplusStorageManagerFeature: 	at libcore.io.IoBridge.open(IoBridge.java:560)
06-16 16:10:33.246  2028  2312 E OplusStorageManagerFeature: 	... 11 more
06-16 16:10:33.247  2028  2312 E OplusStorageManagerFeature: writeF2fsRelatedNode failed for:gc_urgent
06-16 16:10:33.247  2028  2312 E OplusStorageManagerFeature: java.io.FileNotFoundException: /sys/fs/f2fs/sdc20/gc_urgent: open failed: EACCES (Permission denied)
06-16 16:10:33.247  2028  2312 E OplusStorageManagerFeature: 	at libcore.io.IoBridge.open(IoBridge.java:574)
06-16 16:10:33.247  2028  2312 E OplusStorageManagerFeature: 	at java.io.FileOutputStream.<init>(FileOutputStream.java:259)
06-16 16:10:33.247  2028  2312 E OplusStorageManagerFeature: 	at java.io.FileOutputStream.<init>(FileOutputStream.java:147)
06-16 16:10:33.247  2028  2312 E OplusStorageManagerFeature: 	at java.io.FileWriter.<init>(FileWriter.java:66)
06-16 16:10:33.247  2028  2312 E OplusStorageManagerFeature: 	at com.android.server.storage.OplusStorageManagerFeature.writeF2fsRelatedNode(OplusStorageManagerFeature.java:1166)
06-16 16:10:33.247  2028  2312 E OplusStorageManagerFeature: 	at com.android.server.storage.OplusStorageManagerFeature.onMessageDPolicyExpect(OplusStorageManagerFeature.java:1957)
06-16 16:10:33.247  2028  2312 E OplusStorageManagerFeature: 	at com.android.server.storage.OplusStorageManagerFeature.onStorageManagerMessageHandle(OplusStorageManagerFeature.java:1522)
06-16 16:10:33.247  2028  2312 E OplusStorageManagerFeature: 	at com.android.server.StorageManagerService$StorageManagerServiceHandler.handleMessage(StorageManagerService.java:793)
06-16 16:10:33.247  2028  2312 E OplusStorageManagerFeature: 	at android.os.Handler.dispatchMessage(Handler.java:112)
06-16 16:10:33.247  2028  2312 E OplusStorageManagerFeature: 	at android.os.Looper.loopOnce(Looper.java:288)
06-16 16:10:33.247  2028 